Archive member included to satisfy reference by file (symbol)

C:/ti/mcu_plus_sdk_am62x_10_01_00_33/source/kernel/nortos/lib\nortos.am62x.a53.gcc-aarch64.debug.lib(AddrTranslateP.obj)
                              ./syscfg/ti_dpl_config.o (AddrTranslateP_getLocalAddr)
C:/ti/mcu_plus_sdk_am62x_10_01_00_33/source/kernel/nortos/lib\nortos.am62x.a53.gcc-aarch64.debug.lib(CacheP_armv8.obj)
                              ./syscfg/ti_dpl_config.o (CacheP_enable)
C:/ti/mcu_plus_sdk_am62x_10_01_00_33/source/kernel/nortos/lib\nortos.am62x.a53.gcc-aarch64.debug.lib(ClockP_nortos.obj)
                              ./syscfg/ti_dpl_config.o (ClockP_deinit)
C:/ti/mcu_plus_sdk_am62x_10_01_00_33/source/kernel/nortos/lib\nortos.am62x.a53.gcc-aarch64.debug.lib(ClockP_nortos_a53.obj)
                              C:/ti/mcu_plus_sdk_am62x_10_01_00_33/source/kernel/nortos/lib\nortos.am62x.a53.gcc-aarch64.debug.lib(ClockP_nortos.obj) (ClockP_timerClearOverflowInt)
C:/ti/mcu_plus_sdk_am62x_10_01_00_33/source/kernel/nortos/lib\nortos.am62x.a53.gcc-aarch64.debug.lib(DebugP_log.obj)
                              ./syscfg/ti_dpl_config.o (DebugP_logZoneEnable)
C:/ti/mcu_plus_sdk_am62x_10_01_00_33/source/kernel/nortos/lib\nortos.am62x.a53.gcc-aarch64.debug.lib(DebugP_nortos.obj)
                              ./syscfg/ti_drivers_open_close.o (_DebugP_logZone)
C:/ti/mcu_plus_sdk_am62x_10_01_00_33/source/kernel/nortos/lib\nortos.am62x.a53.gcc-aarch64.debug.lib(DebugP_uartLogWriter.obj)
                              ./syscfg/ti_dpl_config.o (DebugP_uartSetDrvIndex)
C:/ti/mcu_plus_sdk_am62x_10_01_00_33/source/kernel/nortos/lib\nortos.am62x.a53.gcc-aarch64.debug.lib(HwiP_armv8_gic.obj)
                              ./syscfg/ti_dpl_config.o (HwiP_Params_init)
C:/ti/mcu_plus_sdk_am62x_10_01_00_33/source/kernel/nortos/lib\nortos.am62x.a53.gcc-aarch64.debug.lib(HwiP_armv8_handlers_nortos.obj)
                              C:/ti/mcu_plus_sdk_am62x_10_01_00_33/source/kernel/nortos/lib\nortos.am62x.a53.gcc-aarch64.debug.lib(HwiP_armv8_gic.obj) (gHwiInIsrFlag)
C:/ti/mcu_plus_sdk_am62x_10_01_00_33/source/kernel/nortos/lib\nortos.am62x.a53.gcc-aarch64.debug.lib(MmuP_armv8.obj)
                              ./syscfg/ti_dpl_config.o (MmuP_init)
C:/ti/mcu_plus_sdk_am62x_10_01_00_33/source/kernel/nortos/lib\nortos.am62x.a53.gcc-aarch64.debug.lib(printf.obj)
                              C:/ti/mcu_plus_sdk_am62x_10_01_00_33/source/kernel/nortos/lib\nortos.am62x.a53.gcc-aarch64.debug.lib(DebugP_nortos.obj) (vprintf_)
C:/ti/mcu_plus_sdk_am62x_10_01_00_33/source/kernel/nortos/lib\nortos.am62x.a53.gcc-aarch64.debug.lib(PmuP_armv8.obj)
                              ./syscfg/ti_drivers_config.o (CycleCounterP_init)
C:/ti/mcu_plus_sdk_am62x_10_01_00_33/source/kernel/nortos/lib\nortos.am62x.a53.gcc-aarch64.debug.lib(SemaphoreP_nortos.obj)
                              C:/ti/mcu_plus_sdk_am62x_10_01_00_33/source/kernel/nortos/lib\nortos.am62x.a53.gcc-aarch64.debug.lib(ClockP_nortos.obj) (SemaphoreP_constructBinary)
C:/ti/mcu_plus_sdk_am62x_10_01_00_33/source/kernel/nortos/lib\nortos.am62x.a53.gcc-aarch64.debug.lib(TimerP.obj)
                              ./syscfg/ti_dpl_config.o (TimerP_Params_init)
C:/ti/mcu_plus_sdk_am62x_10_01_00_33/source/kernel/nortos/lib\nortos.am62x.a53.gcc-aarch64.debug.lib(boot_armv8_asm.obj)
                              (_c_int00)
C:/ti/mcu_plus_sdk_am62x_10_01_00_33/source/kernel/nortos/lib\nortos.am62x.a53.gcc-aarch64.debug.lib(common_armv8_asm.obj)
                              ./hello_world.o (Armv8_getCoreId)
C:/ti/mcu_plus_sdk_am62x_10_01_00_33/source/kernel/nortos/lib\nortos.am62x.a53.gcc-aarch64.debug.lib(CacheP_armv8_asm.obj)
                              C:/ti/mcu_plus_sdk_am62x_10_01_00_33/source/kernel/nortos/lib\nortos.am62x.a53.gcc-aarch64.debug.lib(CacheP_armv8.obj) (CacheP_getEnabled)
C:/ti/mcu_plus_sdk_am62x_10_01_00_33/source/kernel/nortos/lib\nortos.am62x.a53.gcc-aarch64.debug.lib(HwiP_armv8_asm.obj)
                              ./syscfg/ti_dpl_config.o (HwiP_disable)
C:/ti/mcu_plus_sdk_am62x_10_01_00_33/source/kernel/nortos/lib\nortos.am62x.a53.gcc-aarch64.debug.lib(HwiP_armv8_vectors_nortos_asm.obj)
                              C:/ti/mcu_plus_sdk_am62x_10_01_00_33/source/kernel/nortos/lib\nortos.am62x.a53.gcc-aarch64.debug.lib(boot_armv8_asm.obj) (HwiP_gicv3Vectors)
C:/ti/mcu_plus_sdk_am62x_10_01_00_33/source/kernel/nortos/lib\nortos.am62x.a53.gcc-aarch64.debug.lib(MmuP_armv8_asm.obj)
                              C:/ti/mcu_plus_sdk_am62x_10_01_00_33/source/kernel/nortos/lib\nortos.am62x.a53.gcc-aarch64.debug.lib(MmuP_armv8.obj) (MmuP_isEnabled)
C:/ti/mcu_plus_sdk_am62x_10_01_00_33/source/kernel/nortos/lib\nortos.am62x.a53.gcc-aarch64.debug.lib(PmuP_armv8_asm.obj)
                              C:/ti/mcu_plus_sdk_am62x_10_01_00_33/source/kernel/nortos/lib\nortos.am62x.a53.gcc-aarch64.debug.lib(PmuP_armv8.obj) (PmuP_disableCycleCounterIntr)
[...]
Memory Configuration

Name             Origin             Length             Attributes
DDR              0x0000000080080000 0x0000000002000000
LOG_SHM_MEM      0x00000000a1000000 0x0000000000040000
AMP_SHM          0x0000000099000000 0x0000000000004000
*default*        0x0000000000000000 0xffffffffffffffff

Linker script and memory map

LOAD c:/ti/gcc-arm-9.2-2019.12-mingw-w64-i686-aarch64-none-elf/bin/../lib/gcc/aarch64-none-elf/9.2.1/crti.o
LOAD c:/ti/gcc-arm-9.2-2019.12-mingw-w64-i686-aarch64-none-elf/bin/../lib/gcc/aarch64-none-elf/9.2.1/crtbegin.o
LOAD c:/ti/gcc-arm-9.2-2019.12-mingw-w64-i686-aarch64-none-elf/bin/../lib/gcc/aarch64-none-elf/9.2.1/crt0.o
LOAD ./syscfg/ti_dpl_config.o
LOAD ./syscfg/ti_drivers_config.o
LOAD ./syscfg/ti_drivers_open_close.o
LOAD ./syscfg/ti_pinmux_config.o
LOAD ./syscfg/ti_power_clock_config.o
LOAD ./syscfg/ti_board_config.o
LOAD ./syscfg/ti_board_open_close.o
LOAD ./syscfg/ti_enet_config.o
LOAD ./syscfg/ti_enet_open_close.o
LOAD ./syscfg/ti_enet_soc.o
LOAD ./syscfg/ti_enet_lwipif.o
LOAD ./hello_world.o
LOAD ./main.o
                0x0000000000010000                __TI_STACK_SIZE = 0x10000
                0x0000000000020000                __TI_HEAP_SIZE = 0x20000

.text.boot:_c_int00
                0x0000000080080000      0x288
 .text.boot:_c_int00
                0x0000000080080000      0x288 C:/ti/mcu_plus_sdk_am62x_10_01_00_33/source/kernel/nortos/lib\nortos.am62x.a53.gcc-aarch64.debug.lib(boot_armv8_asm.obj)
                0x0000000080080000                _c_int00

.vecs           0x0000000080080800      0x7a0
 .vecs          0x0000000080080800      0x7a0 C:/ti/mcu_plus_sdk_am62x_10_01_00_33/source/kernel/nortos/lib\nortos.am62x.a53.gcc-aarch64.debug.lib(HwiP_armv8_vectors_nortos_asm.obj)
                0x0000000080080800                HwiP_gicv3Vectors

.text           0x0000000080080fc0      0x45c
 .text          0x0000000080080fc0       0x18 C:/ti/mcu_plus_sdk_am62x_10_01_00_33/source/kernel/nortos/lib\nortos.am62x.a53.gcc-aarch64.debug.lib(common_armv8_asm.obj)
                0x0000000080080fc0                Armv8_getCoreId
                0x0000000080080fcc                Armv8_dsbSy
                0x0000000080080fd4                Armv8_exit
 .text          0x0000000080080fd8       0x30 C:/ti/mcu_plus_sdk_am62x_10_01_00_33/source/kernel/nortos/lib\nortos.am62x.a53.gcc-aarch64.debug.lib(HwiP_armv8_asm.obj)
                0x0000000080080fd8                HwiP_disable
                0x0000000080080fe4                HwiP_enable
                0x0000000080080ff0                HwiP_restore
 .text          0x0000000080081008       0x3c C:/ti/mcu_plus_sdk_am62x_10_01_00_33/source/kernel/nortos/lib\nortos.am62x.a53.gcc-aarch64.debug.lib(PmuP_armv8_asm.obj)
                0x0000000080081008                PmuP_disableCycleCounterIntr
                0x0000000080081014                PmuP_clearCycleCounterOverflowStatus
                0x0000000080081020                PmuP_resetAndEnableAllCounters
                0x0000000080081030                CycleCounterP_getCount64
                0x0000000080081038                PmuP_startCycleCounter
 .text          0x0000000080081044       0x40 C:/ti/mcu_plus_sdk_am62x_10_01_00_33/source/kernel/nortos/lib\nortos.am62x.a53.gcc-aarch64.debug.lib(SpinlockP_armv8.obj)
                0x0000000080081044                SpinlockP_swLock
                0x000000008008106c                SpinlockP_swUnlock
 *fill*         0x0000000080081084       0x3c 
 .text          0x00000000800810c0      0x16c c:/ti/gcc-arm-9.2-2019.12-mingw-w64-i686-aarch64-none-elf/bin/../lib/gcc/aarch64-none-elf/9.2.1\libc.a(lib_a-memcpy.o)
                0x00000000800810c0                memcpy
 *fill*         0x000000008008122c       0x14 
 .text          0x0000000080081240      0x1dc c:/ti/gcc-arm-9.2-2019.12-mingw-w64-i686-aarch64-none-elf/bin/../lib/gcc/aarch64-none-elf/9.2.1\libc.a(lib_a-memset.o)
                0x0000000080081240                memset

.init           0x000000008008141c       0x18
 .init          0x000000008008141c       0x18 c:/ti/gcc-arm-9.2-2019.12-mingw-w64-i686-aarch64-none-elf/bin/../lib/gcc/aarch64-none-elf/9.2.1/crti.o
                0x000000008008141c                _init

.fini           0x0000000080081434       0x18
 .fini          0x0000000080081434       0x18 c:/ti/gcc-arm-9.2-2019.12-mingw-w64-i686-aarch64-none-elf/bin/../lib/gcc/aarch64-none-elf/9.2.1/crti.o
                0x0000000080081434                _fini

.text.TimerP_isr0
                0x0000000080081450       0x30
 .text.TimerP_isr0
                0x0000000080081450       0x30 ./syscfg/ti_dpl_config.o
                0x0000000080081450                TimerP_isr0

.text.putchar_  0x0000000080081480       0x14
 .text.putchar_
                0x0000000080081480       0x14 ./syscfg/ti_dpl_config.o
                0x0000000080081480                putchar_

.text.TimerP_init
                0x0000000080081498       0xf0
 .text.TimerP_init
                0x0000000080081498       0xf0 ./syscfg/ti_dpl_config.o
                0x0000000080081498                TimerP_init

.text.__mmu_init
                0x0000000080081588       0x1c
 .text.__mmu_init
                0x0000000080081588       0x1c ./syscfg/ti_dpl_config.o
                0x0000000080081588                __mmu_init

.text.Dpl_init  0x00000000800815a4       0x5c
 .text.Dpl_init
                0x00000000800815a4       0x5c ./syscfg/ti_dpl_config.o
                0x00000000800815a4                Dpl_init

.iplt           0x0000000080081600        0x0
 .iplt          0x0000000080081600        0x0 ./syscfg/ti_dpl_config.o

.text.GPIO_init
                0x0000000080081600       0x30
 .text.GPIO_init
                0x0000000080081600       0x30 ./syscfg/ti_drivers_config.o
                0x0000000080081600                GPIO_init

.text.Drivers_uartInit
                0x0000000080081630       0x14
 .text.Drivers_uartInit
                0x0000000080081630       0x14 ./syscfg/ti_drivers_config.o
                0x0000000080081630                Drivers_uartInit

.text.System_init
                0x0000000080081644       0x40
 .text.System_init
                0x0000000080081644       0x40 ./syscfg/ti_drivers_config.o
                0x0000000080081644                System_init

.text.Drivers_uartClose
                0x0000000080081688       0x60
 .text.Drivers_uartClose
                0x0000000080081688       0x60 ./syscfg/ti_drivers_open_close.o
                0x0000000080081688                Drivers_uartClose

.text.Drivers_uartOpen
                0x00000000800816e8       0xb8
 .text.Drivers_uartOpen
                0x00000000800816e8       0xb8 ./syscfg/ti_drivers_open_close.o
                0x00000000800816e8                Drivers_uartOpen

.text.Drivers_open
                0x00000000800817a0       0x14
 .text.Drivers_open
                0x00000000800817a0       0x14 ./syscfg/ti_drivers_open_close.o
                0x00000000800817a0                Drivers_open

.text.Pinmux_init
                0x00000000800817b8       0x40
 .text.Pinmux_init
                0x00000000800817b8       0x40 ./syscfg/ti_pinmux_config.o
                0x00000000800817b8                Pinmux_init

.text.Module_clockEnable
                0x00000000800817f8       0x58
 .text.Module_clockEnable
                0x00000000800817f8       0x58 ./syscfg/ti_power_clock_config.o
                0x00000000800817f8                Module_clockEnable

.text.Module_clockSetFrequency
                0x0000000080081850       0x78
 .text.Module_clockSetFrequency
                0x0000000080081850       0x78 ./syscfg/ti_power_clock_config.o
                0x0000000080081850                Module_clockSetFrequency

.text.PowerClock_init
                0x00000000800818c8       0x18
 .text.PowerClock_init
                0x00000000800818c8       0x18 ./syscfg/ti_power_clock_config.o
                0x00000000800818c8                PowerClock_init

.text.Board_init
                0x00000000800818e0        0x4
 .text.Board_init
                0x00000000800818e0        0x4 ./syscfg/ti_board_config.o
                0x00000000800818e0                Board_init

.text.Board_driversOpen
                0x00000000800818e4        0x8
 .text.Board_driversOpen
                0x00000000800818e4        0x8 ./syscfg/ti_board_open_close.o
                0x00000000800818e4                Board_driversOpen

.text.hello_world_main
                0x00000000800818f0       0x30
 .text.hello_world_main
                0x00000000800818f0       0x30 ./hello_world.o
                0x00000000800818f0                hello_world_main

.text.main      0x0000000080081920       0xd8
 .text.main     0x0000000080081920       0xd8 ./main.o
                0x0000000080081920                main

.text.AddrTranslateP_getLocalAddr
                0x00000000800819f8      0x180
 .text.AddrTranslateP_getLocalAddr
                0x00000000800819f8      0x180 C:/ti/mcu_plus_sdk_am62x_10_01_00_33/source/kernel/nortos/lib\nortos.am62x.a53.gcc-aarch64.debug.lib(AddrTranslateP.obj)
                0x00000000800819f8                AddrTranslateP_getLocalAddr

.text.CacheP_disable
                0x0000000080081b78       0x6c
 .text.CacheP_disable
                0x0000000080081b78       0x6c C:/ti/mcu_plus_sdk_am62x_10_01_00_33/source/kernel/nortos/lib\nortos.am62x.a53.gcc-aarch64.debug.lib(CacheP_armv8.obj)
                0x0000000080081b78                CacheP_disable

.text.CacheP_enable
                0x0000000080081be4       0x5c
 .text.CacheP_enable
                0x0000000080081be4       0x5c C:/ti/mcu_plus_sdk_am62x_10_01_00_33/source/kernel/nortos/lib\nortos.am62x.a53.gcc-aarch64.debug.lib(CacheP_armv8.obj)
                0x0000000080081be4                CacheP_enable

.text.ClockP_timerTickIsr
                0x0000000080081c40      0x150
 .text.ClockP_timerTickIsr
                0x0000000080081c40      0x150 C:/ti/mcu_plus_sdk_am62x_10_01_00_33/source/kernel/nortos/lib\nortos.am62x.a53.gcc-aarch64.debug.lib(ClockP_nortos.obj)
                0x0000000080081c40                ClockP_timerTickIsr

.text.ClockP_construct
                0x0000000080081d90       0xd8
 .text.ClockP_construct
                0x0000000080081d90       0xd8 C:/ti/mcu_plus_sdk_am62x_10_01_00_33/source/kernel/nortos/lib\nortos.am62x.a53.gcc-aarch64.debug.lib(ClockP_nortos.obj)
                0x0000000080081d90                ClockP_construct

.text.ClockP_destruct
                0x0000000080081e68      0x110
 .text.ClockP_destruct
                0x0000000080081e68      0x110 C:/ti/mcu_plus_sdk_am62x_10_01_00_33/source/kernel/nortos/lib\nortos.am62x.a53.gcc-aarch64.debug.lib(ClockP_nortos.obj)
                0x0000000080081e68                ClockP_destruct

.text.ClockP_getTicks
                0x0000000080081f78       0x20
 .text.ClockP_getTicks
                0x0000000080081f78       0x20 C:/ti/mcu_plus_sdk_am62x_10_01_00_33/source/kernel/nortos/lib\nortos.am62x.a53.gcc-aarch64.debug.lib(ClockP_nortos.obj)
                0x0000000080081f78                ClockP_getTicks

.text.ClockP_isActive
                0x0000000080081f98       0x38
 .text.ClockP_isActive
                0x0000000080081f98       0x38 C:/ti/mcu_plus_sdk_am62x_10_01_00_33/source/kernel/nortos/lib\nortos.am62x.a53.gcc-aarch64.debug.lib(ClockP_nortos.obj)
                0x0000000080081f98                ClockP_isActive

.text.ClockP_Params_init
                0x0000000080081fd0       0x3c
 .text.ClockP_Params_init
                0x0000000080081fd0       0x3c C:/ti/mcu_plus_sdk_am62x_10_01_00_33/source/kernel/nortos/lib\nortos.am62x.a53.gcc-aarch64.debug.lib(ClockP_nortos.obj)
                0x0000000080081fd0                ClockP_Params_init

.text.ClockP_start
                0x0000000080082010       0x80
 .text.ClockP_start
                0x0000000080082010       0x80 C:/ti/mcu_plus_sdk_am62x_10_01_00_33/source/kernel/nortos/lib\nortos.am62x.a53.gcc-aarch64.debug.lib(ClockP_nortos.obj)
                0x0000000080082010                ClockP_start

.text.ClockP_stop
                0x0000000080082090      0x128
 .text.ClockP_stop
                0x0000000080082090      0x128 C:/ti/mcu_plus_sdk_am62x_10_01_00_33/source/kernel/nortos/lib\nortos.am62x.a53.gcc-aarch64.debug.lib(ClockP_nortos.obj)
                0x0000000080082090                ClockP_stop

.text.ClockP_getTimeUsec
                0x00000000800821b8       0xe0
 .text.ClockP_getTimeUsec
                0x00000000800821b8       0xe0 C:/ti/mcu_plus_sdk_am62x_10_01_00_33/source/kernel/nortos/lib\nortos.am62x.a53.gcc-aarch64.debug.lib(ClockP_nortos.obj)
                0x00000000800821b8                ClockP_getTimeUsec

.text.ClockP_addToList
                0x0000000080082298      0x130
 .text.ClockP_addToList
                0x0000000080082298      0x130 C:/ti/mcu_plus_sdk_am62x_10_01_00_33/source/kernel/nortos/lib\nortos.am62x.a53.gcc-aarch64.debug.lib(ClockP_nortos.obj)

.text.ClockP_timerClearOverflowInt
                0x00000000800823c8       0x20
 .text.ClockP_timerClearOverflowInt
                0x00000000800823c8       0x20 C:/ti/mcu_plus_sdk_am62x_10_01_00_33/source/kernel/nortos/lib\nortos.am62x.a53.gcc-aarch64.debug.lib(ClockP_nortos_a53.obj)
                0x00000000800823c8                ClockP_timerClearOverflowInt

.text.ClockP_getTimerCount
                0x00000000800823e8       0x1c
 .text.ClockP_getTimerCount
                0x00000000800823e8       0x1c C:/ti/mcu_plus_sdk_am62x_10_01_00_33/source/kernel/nortos/lib\nortos.am62x.a53.gcc-aarch64.debug.lib(ClockP_nortos_a53.obj)
                0x00000000800823e8                ClockP_getTimerCount

.text.ClockP_init
                0x0000000080082408      0x2f0
 .text.ClockP_init
                0x0000000080082408      0x2f0 C:/ti/mcu_plus_sdk_am62x_10_01_00_33/source/kernel/nortos/lib\nortos.am62x.a53.gcc-aarch64.debug.lib(ClockP_nortos_a53.obj)
                0x0000000080082408                ClockP_init

.text.DebugP_logZoneEnable
                0x00000000800826f8       0x70
 .text.DebugP_logZoneEnable
                0x00000000800826f8       0x70 C:/ti/mcu_plus_sdk_am62x_10_01_00_33/source/kernel/nortos/lib\nortos.am62x.a53.gcc-aarch64.debug.lib(DebugP_log.obj)
                0x00000000800826f8                DebugP_logZoneEnable

.text._DebugP_assert
                0x0000000080082768       0xd8
 .text._DebugP_assert
                0x0000000080082768       0xd8 C:/ti/mcu_plus_sdk_am62x_10_01_00_33/source/kernel/nortos/lib\nortos.am62x.a53.gcc-aarch64.debug.lib(DebugP_log.obj)
                0x0000000080082768                _DebugP_assert

.text._DebugP_assertNoLog
                0x0000000080082840       0x40
 .text._DebugP_assertNoLog
                0x0000000080082840       0x40 C:/ti/mcu_plus_sdk_am62x_10_01_00_33/source/kernel/nortos/lib\nortos.am62x.a53.gcc-aarch64.debug.lib(DebugP_log.obj)
                0x0000000080082840                _DebugP_assertNoLog

.text._DebugP_logZone
                0x0000000080082880       0xd8
 .text._DebugP_logZone
                0x0000000080082880       0xd8 C:/ti/mcu_plus_sdk_am62x_10_01_00_33/source/kernel/nortos/lib\nortos.am62x.a53.gcc-aarch64.debug.lib(DebugP_nortos.obj)
                0x0000000080082880                _DebugP_logZone

.text.UART_Transaction_init
                0x0000000080082958       0x4c
 .text.UART_Transaction_init
                0x0000000080082958       0x4c C:/ti/mcu_plus_sdk_am62x_10_01_00_33/source/kernel/nortos/lib\nortos.am62x.a53.gcc-aarch64.debug.lib(DebugP_uartLogWriter.obj)

.text.DebugP_uartSetDrvIndex
                0x00000000800829a8       0x30
 .text.DebugP_uartSetDrvIndex
                0x00000000800829a8       0x30 C:/ti/mcu_plus_sdk_am62x_10_01_00_33/source/kernel/nortos/lib\nortos.am62x.a53.gcc-aarch64.debug.lib(DebugP_uartLogWriter.obj)
                0x00000000800829a8                DebugP_uartSetDrvIndex

.text.DebugP_uartLogWriterPutChar
                0x00000000800829d8       0x78
 .text.DebugP_uartLogWriterPutChar
                0x00000000800829d8       0x78 C:/ti/mcu_plus_sdk_am62x_10_01_00_33/source/kernel/nortos/lib\nortos.am62x.a53.gcc-aarch64.debug.lib(DebugP_uartLogWriter.obj)
                0x00000000800829d8                DebugP_uartLogWriterPutChar

.text.HwiP_Params_init
                0x0000000080082a50       0x50
 .text.HwiP_Params_init
                0x0000000080082a50       0x50 C:/ti/mcu_plus_sdk_am62x_10_01_00_33/source/kernel/nortos/lib\nortos.am62x.a53.gcc-aarch64.debug.lib(HwiP_armv8_gic.obj)
                0x0000000080082a50                HwiP_Params_init

.text.HwiP_construct
                0x0000000080082aa0      0x148
 .text.HwiP_construct
                0x0000000080082aa0      0x148 C:/ti/mcu_plus_sdk_am62x_10_01_00_33/source/kernel/nortos/lib\nortos.am62x.a53.gcc-aarch64.debug.lib(HwiP_armv8_gic.obj)
                0x0000000080082aa0                HwiP_construct

.text.HwiP_destruct
                0x0000000080082be8       0x88
 .text.HwiP_destruct
                0x0000000080082be8       0x88 C:/ti/mcu_plus_sdk_am62x_10_01_00_33/source/kernel/nortos/lib\nortos.am62x.a53.gcc-aarch64.debug.lib(HwiP_armv8_gic.obj)
                0x0000000080082be8                HwiP_destruct

.text.HwiP_enableInt
                0x0000000080082c70       0xc8
 .text.HwiP_enableInt
                0x0000000080082c70       0xc8 C:/ti/mcu_plus_sdk_am62x_10_01_00_33/source/kernel/nortos/lib\nortos.am62x.a53.gcc-aarch64.debug.lib(HwiP_armv8_gic.obj)
                0x0000000080082c70                HwiP_enableInt

.text.HwiP_disableInt
                0x0000000080082d38      0x128
 .text.HwiP_disableInt
                0x0000000080082d38      0x128 C:/ti/mcu_plus_sdk_am62x_10_01_00_33/source/kernel/nortos/lib\nortos.am62x.a53.gcc-aarch64.debug.lib(HwiP_armv8_gic.obj)
                0x0000000080082d38                HwiP_disableInt

.text.HwiP_clearInt
                0x0000000080082e60       0xc8
 .text.HwiP_clearInt
                0x0000000080082e60       0xc8 C:/ti/mcu_plus_sdk_am62x_10_01_00_33/source/kernel/nortos/lib\nortos.am62x.a53.gcc-aarch64.debug.lib(HwiP_armv8_gic.obj)
                0x0000000080082e60                HwiP_clearInt

.text.HwiP_inISR
                0x0000000080082f28       0x28
 .text.HwiP_inISR
                0x0000000080082f28       0x28 C:/ti/mcu_plus_sdk_am62x_10_01_00_33/source/kernel/nortos/lib\nortos.am62x.a53.gcc-aarch64.debug.lib(HwiP_armv8_gic.obj)
                0x0000000080082f28                HwiP_inISR

.text.HwiP_init
                0x0000000080082f50      0x4d8
 .text.HwiP_init
                0x0000000080082f50      0x4d8 C:/ti/mcu_plus_sdk_am62x_10_01_00_33/source/kernel/nortos/lib\nortos.am62x.a53.gcc-aarch64.debug.lib(HwiP_armv8_gic.obj)
                0x0000000080082f50                HwiP_init

.text.HwiP_intrPrioritySet
                0x0000000080083428       0x78
 .text.HwiP_intrPrioritySet
                0x0000000080083428       0x78 C:/ti/mcu_plus_sdk_am62x_10_01_00_33/source/kernel/nortos/lib\nortos.am62x.a53.gcc-aarch64.debug.lib(HwiP_armv8_gic.obj)

.text.HwiP_setSgiPpiIntrPriority
                0x00000000800834a0       0xe0
 .text.HwiP_setSgiPpiIntrPriority
                0x00000000800834a0       0xe0 C:/ti/mcu_plus_sdk_am62x_10_01_00_33/source/kernel/nortos/lib\nortos.am62x.a53.gcc-aarch64.debug.lib(HwiP_armv8_gic.obj)

.text.HwiP_setSpiIntrPriority
                0x0000000080083580       0xbc
 .text.HwiP_setSpiIntrPriority
                0x0000000080083580       0xbc C:/ti/mcu_plus_sdk_am62x_10_01_00_33/source/kernel/nortos/lib\nortos.am62x.a53.gcc-aarch64.debug.lib(HwiP_armv8_gic.obj)

.text.HwiP_setLevelSpiIntrType
                0x000000008008363c      0x184
 .text.HwiP_setLevelSpiIntrType
                0x000000008008363c      0x184 C:/ti/mcu_plus_sdk_am62x_10_01_00_33/source/kernel/nortos/lib\nortos.am62x.a53.gcc-aarch64.debug.lib(HwiP_armv8_gic.obj)

.text.HwiP_setEdgeSpiIntrType
                0x00000000800837c0      0x178
 .text.HwiP_setEdgeSpiIntrType
                0x00000000800837c0      0x178 C:/ti/mcu_plus_sdk_am62x_10_01_00_33/source/kernel/nortos/lib\nortos.am62x.a53.gcc-aarch64.debug.lib(HwiP_armv8_gic.obj)

.text.HwIP_routeGICSharedPeripheralInterrupt
                0x0000000080083938       0x94
 .text.HwIP_routeGICSharedPeripheralInterrupt
                0x0000000080083938       0x94 C:/ti/mcu_plus_sdk_am62x_10_01_00_33/source/kernel/nortos/lib\nortos.am62x.a53.gcc-aarch64.debug.lib(HwiP_armv8_gic.obj)
                0x0000000080083938                HwIP_routeGICSharedPeripheralInterrupt

.text.HwiP_intrHandler
                0x00000000800839d0       0xe0
 .text.HwiP_intrHandler
                0x00000000800839d0       0xe0 C:/ti/mcu_plus_sdk_am62x_10_01_00_33/source/kernel/nortos/lib\nortos.am62x.a53.gcc-aarch64.debug.lib(HwiP_armv8_handlers_nortos.obj)
                0x00000000800839d0                HwiP_intrHandler

.text.HwiP_defaultHandler
                0x0000000080083ab0       0x30
 .text.HwiP_defaultHandler
                0x0000000080083ab0       0x30 C:/ti/mcu_plus_sdk_am62x_10_01_00_33/source/kernel/nortos/lib\nortos.am62x.a53.gcc-aarch64.debug.lib(HwiP_armv8_handlers_nortos.obj)
                0x0000000080083ab0                HwiP_defaultHandler

.text.HwiP_abortHandler
                0x0000000080083ae0       0x4c
 .text.HwiP_abortHandler
                0x0000000080083ae0       0x4c C:/ti/mcu_plus_sdk_am62x_10_01_00_33/source/kernel/nortos/lib\nortos.am62x.a53.gcc-aarch64.debug.lib(HwiP_armv8_handlers_nortos.obj)
                0x0000000080083ae0                HwiP_abortHandler

.text.MmuP_addBlockEntry
                0x0000000080083b30      0x160
 .text.MmuP_addBlockEntry
                0x0000000080083b30      0x160 C:/ti/mcu_plus_sdk_am62x_10_01_00_33/source/kernel/nortos/lib\nortos.am62x.a53.gcc-aarch64.debug.lib(MmuP_armv8.obj)

.text.MmuP_freeTable
                0x0000000080083c90       0x78
 .text.MmuP_freeTable
                0x0000000080083c90       0x78 C:/ti/mcu_plus_sdk_am62x_10_01_00_33/source/kernel/nortos/lib\nortos.am62x.a53.gcc-aarch64.debug.lib(MmuP_armv8.obj)

.text.MmuP_readBlockEntry
                0x0000000080083d08      0x120
 .text.MmuP_readBlockEntry
                0x0000000080083d08      0x120 C:/ti/mcu_plus_sdk_am62x_10_01_00_33/source/kernel/nortos/lib\nortos.am62x.a53.gcc-aarch64.debug.lib(MmuP_armv8.obj)

.text.MmuP_allocTable
                0x0000000080083e28       0xd8
 .text.MmuP_allocTable
                0x0000000080083e28       0xd8 C:/ti/mcu_plus_sdk_am62x_10_01_00_33/source/kernel/nortos/lib\nortos.am62x.a53.gcc-aarch64.debug.lib(MmuP_armv8.obj)

.text.MmuP_addTableEntry
                0x0000000080083f00       0x64
 .text.MmuP_addTableEntry
                0x0000000080083f00       0x64 C:/ti/mcu_plus_sdk_am62x_10_01_00_33/source/kernel/nortos/lib\nortos.am62x.a53.gcc-aarch64.debug.lib(MmuP_armv8.obj)

.text.MmuP_tableWalk
                0x0000000080083f68      0x428
 .text.MmuP_tableWalk
                0x0000000080083f68      0x428 C:/ti/mcu_plus_sdk_am62x_10_01_00_33/source/kernel/nortos/lib\nortos.am62x.a53.gcc-aarch64.debug.lib(MmuP_armv8.obj)

.text.MmuP_setConfig
                0x0000000080084390      0x100
 .text.MmuP_setConfig
                0x0000000080084390      0x100 C:/ti/mcu_plus_sdk_am62x_10_01_00_33/source/kernel/nortos/lib\nortos.am62x.a53.gcc-aarch64.debug.lib(MmuP_armv8.obj)

.text.MmuP_enable
                0x0000000080084490       0x68
 .text.MmuP_enable
                0x0000000080084490       0x68 C:/ti/mcu_plus_sdk_am62x_10_01_00_33/source/kernel/nortos/lib\nortos.am62x.a53.gcc-aarch64.debug.lib(MmuP_armv8.obj)
                0x0000000080084490                MmuP_enable

.text.MmuP_disable
                0x00000000800844f8       0x78
 .text.MmuP_disable
                0x00000000800844f8       0x78 C:/ti/mcu_plus_sdk_am62x_10_01_00_33/source/kernel/nortos/lib\nortos.am62x.a53.gcc-aarch64.debug.lib(MmuP_armv8.obj)
                0x00000000800844f8                MmuP_disable

.text.MmuP_map  0x0000000080084570      0x190
 .text.MmuP_map
                0x0000000080084570      0x190 C:/ti/mcu_plus_sdk_am62x_10_01_00_33/source/kernel/nortos/lib\nortos.am62x.a53.gcc-aarch64.debug.lib(MmuP_armv8.obj)
                0x0000000080084570                MmuP_map

.text.MmuP_init
                0x0000000080084700      0x198
 .text.MmuP_init
                0x0000000080084700      0x198 C:/ti/mcu_plus_sdk_am62x_10_01_00_33/source/kernel/nortos/lib\nortos.am62x.a53.gcc-aarch64.debug.lib(MmuP_armv8.obj)
                0x0000000080084700                MmuP_init

.text._out_null
                0x0000000080084898       0x20
 .text._out_null
                0x0000000080084898       0x20 C:/ti/mcu_plus_sdk_am62x_10_01_00_33/source/kernel/nortos/lib\nortos.am62x.a53.gcc-aarch64.debug.lib(printf.obj)

.text._out_char
                0x00000000800848b8       0x38
 .text._out_char
                0x00000000800848b8       0x38 C:/ti/mcu_plus_sdk_am62x_10_01_00_33/source/kernel/nortos/lib\nortos.am62x.a53.gcc-aarch64.debug.lib(printf.obj)

.text._strnlen_s
                0x00000000800848f0       0x5c
 .text._strnlen_s
                0x00000000800848f0       0x5c C:/ti/mcu_plus_sdk_am62x_10_01_00_33/source/kernel/nortos/lib\nortos.am62x.a53.gcc-aarch64.debug.lib(printf.obj)

.text._is_digit
                0x000000008008494c       0x3c
 .text._is_digit
                0x000000008008494c       0x3c C:/ti/mcu_plus_sdk_am62x_10_01_00_33/source/kernel/nortos/lib\nortos.am62x.a53.gcc-aarch64.debug.lib(printf.obj)

.text._atoi     0x0000000080084988       0x6c
 .text._atoi    0x0000000080084988       0x6c C:/ti/mcu_plus_sdk_am62x_10_01_00_33/source/kernel/nortos/lib\nortos.am62x.a53.gcc-aarch64.debug.lib(printf.obj)

.text._out_rev  0x00000000800849f4      0x148
 .text._out_rev
                0x00000000800849f4      0x148 C:/ti/mcu_plus_sdk_am62x_10_01_00_33/source/kernel/nortos/lib\nortos.am62x.a53.gcc-aarch64.debug.lib(printf.obj)

.text._ntoa_format
                0x0000000080084b3c      0x32c
 .text._ntoa_format
                0x0000000080084b3c      0x32c C:/ti/mcu_plus_sdk_am62x_10_01_00_33/source/kernel/nortos/lib\nortos.am62x.a53.gcc-aarch64.debug.lib(printf.obj)

.text._ntoa_long
                0x0000000080084e68      0x15c
 .text._ntoa_long
                0x0000000080084e68      0x15c C:/ti/mcu_plus_sdk_am62x_10_01_00_33/source/kernel/nortos/lib\nortos.am62x.a53.gcc-aarch64.debug.lib(printf.obj)

.text._ntoa_long_long
                0x0000000080084fc4      0x15c
 .text._ntoa_long_long
                0x0000000080084fc4      0x15c C:/ti/mcu_plus_sdk_am62x_10_01_00_33/source/kernel/nortos/lib\nortos.am62x.a53.gcc-aarch64.debug.lib(printf.obj)

.text._ftoa     0x0000000080085120      0x728
 .text._ftoa    0x0000000080085120      0x728 C:/ti/mcu_plus_sdk_am62x_10_01_00_33/source/kernel/nortos/lib\nortos.am62x.a53.gcc-aarch64.debug.lib(printf.obj)

.text._etoa     0x0000000080085848      0x528
 .text._etoa    0x0000000080085848      0x528 C:/ti/mcu_plus_sdk_am62x_10_01_00_33/source/kernel/nortos/lib\nortos.am62x.a53.gcc-aarch64.debug.lib(printf.obj)

.text._vsnprintf
                0x0000000080085d70     0x1268
 .text._vsnprintf
                0x0000000080085d70     0x1268 C:/ti/mcu_plus_sdk_am62x_10_01_00_33/source/kernel/nortos/lib\nortos.am62x.a53.gcc-aarch64.debug.lib(printf.obj)

.text.vprintf_  0x0000000080086fd8       0x70
 .text.vprintf_
                0x0000000080086fd8       0x70 C:/ti/mcu_plus_sdk_am62x_10_01_00_33/source/kernel/nortos/lib\nortos.am62x.a53.gcc-aarch64.debug.lib(printf.obj)
                0x0000000080086fd8                vprintf_

.text.CycleCounterP_reset
                0x0000000080087048       0x24
 .text.CycleCounterP_reset
                0x0000000080087048       0x24 C:/ti/mcu_plus_sdk_am62x_10_01_00_33/source/kernel/nortos/lib\nortos.am62x.a53.gcc-aarch64.debug.lib(PmuP_armv8.obj)
                0x0000000080087048                CycleCounterP_reset

.text.pmu       0x0000000080087070       0x88
 .text.pmu      0x0000000080087070       0x88 C:/ti/mcu_plus_sdk_am62x_10_01_00_33/source/kernel/nortos/lib\nortos.am62x.a53.gcc-aarch64.debug.lib(PmuP_armv8.obj)
                0x0000000080087070                CycleCounterP_init
                0x00000000800870a8                CycleCounterP_nsToTicks

.text.SemaphoreP_Params_init
                0x00000000800870f8       0x30
 .text.SemaphoreP_Params_init
                0x00000000800870f8       0x30 C:/ti/mcu_plus_sdk_am62x_10_01_00_33/source/kernel/nortos/lib\nortos.am62x.a53.gcc-aarch64.debug.lib(SemaphoreP_nortos.obj)
                0x00000000800870f8                SemaphoreP_Params_init

.text.SemaphoreP_construct
                0x0000000080087128       0xa8
 .text.SemaphoreP_construct
                0x0000000080087128       0xa8 C:/ti/mcu_plus_sdk_am62x_10_01_00_33/source/kernel/nortos/lib\nortos.am62x.a53.gcc-aarch64.debug.lib(SemaphoreP_nortos.obj)
                0x0000000080087128                SemaphoreP_construct

.text.SemaphoreP_constructBinary
                0x00000000800871d0       0x48
 .text.SemaphoreP_constructBinary
                0x00000000800871d0       0x48 C:/ti/mcu_plus_sdk_am62x_10_01_00_33/source/kernel/nortos/lib\nortos.am62x.a53.gcc-aarch64.debug.lib(SemaphoreP_nortos.obj)
                0x00000000800871d0                SemaphoreP_constructBinary

.text.SemaphoreP_constructMutex
                0x0000000080087218       0x44
 .text.SemaphoreP_constructMutex
                0x0000000080087218       0x44 C:/ti/mcu_plus_sdk_am62x_10_01_00_33/source/kernel/nortos/lib\nortos.am62x.a53.gcc-aarch64.debug.lib(SemaphoreP_nortos.obj)
                0x0000000080087218                SemaphoreP_constructMutex

.text.SemaphoreP_destruct
                0x000000008008725c       0x14
 .text.SemaphoreP_destruct
                0x000000008008725c       0x14 C:/ti/mcu_plus_sdk_am62x_10_01_00_33/source/kernel/nortos/lib\nortos.am62x.a53.gcc-aarch64.debug.lib(SemaphoreP_nortos.obj)
                0x000000008008725c                SemaphoreP_destruct

.text.SemaphoreP_pend
                0x0000000080087270      0x150
 .text.SemaphoreP_pend
                0x0000000080087270      0x150 C:/ti/mcu_plus_sdk_am62x_10_01_00_33/source/kernel/nortos/lib\nortos.am62x.a53.gcc-aarch64.debug.lib(SemaphoreP_nortos.obj)
                0x0000000080087270                SemaphoreP_pend

.text.SemaphoreP_post
                0x00000000800873c0       0xa0
 .text.SemaphoreP_post
                0x00000000800873c0       0xa0 C:/ti/mcu_plus_sdk_am62x_10_01_00_33/source/kernel/nortos/lib\nortos.am62x.a53.gcc-aarch64.debug.lib(SemaphoreP_nortos.obj)
                0x00000000800873c0                SemaphoreP_post

.text.TimerP_Params_init
                0x0000000080087460       0x60
 .text.TimerP_Params_init
                0x0000000080087460       0x60 C:/ti/mcu_plus_sdk_am62x_10_01_00_33/source/kernel/nortos/lib\nortos.am62x.a53.gcc-aarch64.debug.lib(TimerP.obj)
                0x0000000080087460                TimerP_Params_init

.text.TimerP_setup
                0x00000000800874c0      0x510
 .text.TimerP_setup
                0x00000000800874c0      0x510 C:/ti/mcu_plus_sdk_am62x_10_01_00_33/source/kernel/nortos/lib\nortos.am62x.a53.gcc-aarch64.debug.lib(TimerP.obj)
                0x00000000800874c0                TimerP_setup

.text.TimerP_start
                0x00000000800879d0       0x7c
 .text.TimerP_start
                0x00000000800879d0       0x7c C:/ti/mcu_plus_sdk_am62x_10_01_00_33/source/kernel/nortos/lib\nortos.am62x.a53.gcc-aarch64.debug.lib(TimerP.obj)
                0x00000000800879d0                TimerP_start

.text.TimerP_stop
                0x0000000080087a4c       0x7c
 .text.TimerP_stop
                0x0000000080087a4c       0x7c C:/ti/mcu_plus_sdk_am62x_10_01_00_33/source/kernel/nortos/lib\nortos.am62x.a53.gcc-aarch64.debug.lib(TimerP.obj)
                0x0000000080087a4c                TimerP_stop

.text.TimerP_getCount
                0x0000000080087ac8       0x28
 .text.TimerP_getCount
                0x0000000080087ac8       0x28 C:/ti/mcu_plus_sdk_am62x_10_01_00_33/source/kernel/nortos/lib\nortos.am62x.a53.gcc-aarch64.debug.lib(TimerP.obj)
                0x0000000080087ac8                TimerP_getCount

.text.TimerP_getReloadCount
                0x0000000080087af0       0x28
 .text.TimerP_getReloadCount
                0x0000000080087af0       0x28 C:/ti/mcu_plus_sdk_am62x_10_01_00_33/source/kernel/nortos/lib\nortos.am62x.a53.gcc-aarch64.debug.lib(TimerP.obj)
                0x0000000080087af0                TimerP_getReloadCount

.text.TimerP_clearOverflowInt
                0x0000000080087b18       0x5c
 .text.TimerP_clearOverflowInt
                0x0000000080087b18       0x5c C:/ti/mcu_plus_sdk_am62x_10_01_00_33/source/kernel/nortos/lib\nortos.am62x.a53.gcc-aarch64.debug.lib(TimerP.obj)
                0x0000000080087b18                TimerP_clearOverflowInt

.text.boot      0x0000000080087b78       0xe8
 .text.boot     0x0000000080087b78       0xe8 C:/ti/mcu_plus_sdk_am62x_10_01_00_33/source/kernel/nortos/lib\nortos.am62x.a53.gcc-aarch64.debug.lib(boot_armv8_asm.obj)

.text.CacheP_getEnabled
                0x0000000080087c60       0x30
 .text.CacheP_getEnabled
                0x0000000080087c60       0x30 C:/ti/mcu_plus_sdk_am62x_10_01_00_33/source/kernel/nortos/lib\nortos.am62x.a53.gcc-aarch64.debug.lib(CacheP_armv8_asm.obj)
                0x0000000080087c60                CacheP_getEnabled

.text.CacheP_disableL1D
                0x0000000080087c90       0x28
 .text.CacheP_disableL1D
                0x0000000080087c90       0x28 C:/ti/mcu_plus_sdk_am62x_10_01_00_33/source/kernel/nortos/lib\nortos.am62x.a53.gcc-aarch64.debug.lib(CacheP_armv8_asm.obj)
                0x0000000080087c90                CacheP_disableL1D

.text.CacheP_wait
                0x0000000080087cb8        0x8
 .text.CacheP_wait
                0x0000000080087cb8        0x8 C:/ti/mcu_plus_sdk_am62x_10_01_00_33/source/kernel/nortos/lib\nortos.am62x.a53.gcc-aarch64.debug.lib(CacheP_armv8_asm.obj)
                0x0000000080087cb8                CacheP_wait

.text.CacheP_wbInvAll
                0x0000000080087cc0       0x8c
 .text.CacheP_wbInvAll
                0x0000000080087cc0       0x8c C:/ti/mcu_plus_sdk_am62x_10_01_00_33/source/kernel/nortos/lib\nortos.am62x.a53.gcc-aarch64.debug.lib(CacheP_armv8_asm.obj)
                0x0000000080087cc0                CacheP_wbInvAll

.text.CacheP_disableL1P
                0x0000000080087d4c       0x1c
 .text.CacheP_disableL1P
                0x0000000080087d4c       0x1c C:/ti/mcu_plus_sdk_am62x_10_01_00_33/source/kernel/nortos/lib\nortos.am62x.a53.gcc-aarch64.debug.lib(CacheP_armv8_asm.obj)
                0x0000000080087d4c                CacheP_disableL1P

.text.CacheP_enableL1D
                0x0000000080087d68       0x1c
 .text.CacheP_enableL1D
                0x0000000080087d68       0x1c C:/ti/mcu_plus_sdk_am62x_10_01_00_33/source/kernel/nortos/lib\nortos.am62x.a53.gcc-aarch64.debug.lib(CacheP_armv8_asm.obj)
                0x0000000080087d68                CacheP_enableL1D

.text.CacheP_enableL1P
                0x0000000080087d84       0x18
 .text.CacheP_enableL1P
                0x0000000080087d84       0x18 C:/ti/mcu_plus_sdk_am62x_10_01_00_33/source/kernel/nortos/lib\nortos.am62x.a53.gcc-aarch64.debug.lib(CacheP_armv8_asm.obj)
                0x0000000080087d84                CacheP_enableL1P

.text.CacheP_disableEL3
                0x0000000080087d9c       0x28
 .text.CacheP_disableEL3
                0x0000000080087d9c       0x28 C:/ti/mcu_plus_sdk_am62x_10_01_00_33/source/kernel/nortos/lib\nortos.am62x.a53.gcc-aarch64.debug.lib(CacheP_armv8_asm.obj)
                0x0000000080087d9c                CacheP_disableEL3

.text.CacheP_enableSMP
                0x0000000080087dc4       0x20
 .text.CacheP_enableSMP
                0x0000000080087dc4       0x20 C:/ti/mcu_plus_sdk_am62x_10_01_00_33/source/kernel/nortos/lib\nortos.am62x.a53.gcc-aarch64.debug.lib(CacheP_armv8_asm.obj)
                0x0000000080087dc4                CacheP_enableSMP

.text.csl_startup
                0x0000000080087de8       0x38
 .text.csl_startup
                0x0000000080087de8       0x38 C:/ti/mcu_plus_sdk_am62x_10_01_00_33/source/kernel/nortos/lib\nortos.am62x.a53.gcc-aarch64.debug.lib(HwiP_armv8_asm.obj)
                0x0000000080087de8                HwiP_armv8GetGicxAddr

.text.MmuP_isEnabled
                0x0000000080087e20        0xc
 .text.MmuP_isEnabled
                0x0000000080087e20        0xc C:/ti/mcu_plus_sdk_am62x_10_01_00_33/source/kernel/nortos/lib\nortos.am62x.a53.gcc-aarch64.debug.lib(MmuP_armv8_asm.obj)
                0x0000000080087e20                MmuP_isEnabled

.text.MmuP_tlbInvAll
                0x0000000080087e30       0x10
 .text.MmuP_tlbInvAll
                0x0000000080087e30       0x10 C:/ti/mcu_plus_sdk_am62x_10_01_00_33/source/kernel/nortos/lib\nortos.am62x.a53.gcc-aarch64.debug.lib(MmuP_armv8_asm.obj)
                0x0000000080087e30                MmuP_tlbInvAll

.text.MmuP_enableI
                0x0000000080087e40       0x18
 .text.MmuP_enableI
                0x0000000080087e40       0x18 C:/ti/mcu_plus_sdk_am62x_10_01_00_33/source/kernel/nortos/lib\nortos.am62x.a53.gcc-aarch64.debug.lib(MmuP_armv8_asm.obj)
                0x0000000080087e40                MmuP_enableI

.text.MmuP_disableI
                0x0000000080087e58       0x10
 .text.MmuP_disableI
                0x0000000080087e58       0x10 C:/ti/mcu_plus_sdk_am62x_10_01_00_33/source/kernel/nortos/lib\nortos.am62x.a53.gcc-aarch64.debug.lib(MmuP_armv8_asm.obj)
                0x0000000080087e58                MmuP_disableI

.text.MmuP_setMAIRAsm
                0x0000000080087e68       0x24
 .text.MmuP_setMAIRAsm
                0x0000000080087e68       0x24 C:/ti/mcu_plus_sdk_am62x_10_01_00_33/source/kernel/nortos/lib\nortos.am62x.a53.gcc-aarch64.debug.lib(MmuP_armv8_asm.obj)
                0x0000000080087e68                MmuP_setMAIRAsm

.text.MmuP_setTCR
                0x0000000080087e8c        0x8
 .text.MmuP_setTCR
                0x0000000080087e8c        0x8 C:/ti/mcu_plus_sdk_am62x_10_01_00_33/source/kernel/nortos/lib\nortos.am62x.a53.gcc-aarch64.debug.lib(MmuP_armv8_asm.obj)
                0x0000000080087e8c                MmuP_setTCR

.text.MmuP_setTableBase
                0x0000000080087e94        0x8
 .text.MmuP_setTableBase
                0x0000000080087e94        0x8 C:/ti/mcu_plus_sdk_am62x_10_01_00_33/source/kernel/nortos/lib\nortos.am62x.a53.gcc-aarch64.debug.lib(MmuP_armv8_asm.obj)
                0x0000000080087e94                MmuP_setTableBase

.text.__system_start
                0x0000000080087ea0      0x110
 .text.__system_start
                0x0000000080087ea0      0x110 C:/ti/mcu_plus_sdk_am62x_10_01_00_33/source/kernel/nortos/lib\nortos.am62x.a53.gcc-aarch64.debug.lib(boot_armv8.obj)
                0x0000000080087ea0                __system_start

.text.HwiP_dispatchIRQ
                0x0000000080087fb0       0xb8
 .text.HwiP_dispatchIRQ
                0x0000000080087fb0       0xb8 C:/ti/mcu_plus_sdk_am62x_10_01_00_33/source/kernel/nortos/lib\nortos.am62x.a53.gcc-aarch64.debug.lib(HwiP_armv8_handlers_nortos_asm.obj)
                0x0000000080087fb0                HwiP_dispatchIRQ

.text.HwiP_defaultExcHandler
                0x0000000080088068       0xb8
 .text.HwiP_defaultExcHandler
                0x0000000080088068       0xb8 C:/ti/mcu_plus_sdk_am62x_10_01_00_33/source/kernel/nortos/lib\nortos.am62x.a53.gcc-aarch64.debug.lib(HwiP_armv8_handlers_nortos_asm.obj)
                0x0000000080088068                HwiP_defaultExcHandler

.text.GPIO_setDirMode
                0x0000000080088120       0x94
 .text.GPIO_setDirMode
                0x0000000080088120       0x94 C:/ti/mcu_plus_sdk_am62x_10_01_00_33/source/drivers/lib\drivers.am62x.a53.gcc-aarch64.debug.lib(gpio.obj)
                0x0000000080088120                GPIO_setDirMode

.text.CSL_REG32_WR_RAW
                0x00000000800881b4       0x6c
 .text.CSL_REG32_WR_RAW
                0x00000000800881b4       0x24 C:/ti/mcu_plus_sdk_am62x_10_01_00_33/source/drivers/lib\drivers.am62x.a53.gcc-aarch64.debug.lib(pinmux.obj)
 .text.CSL_REG32_WR_RAW
                0x00000000800881d8       0x24 C:/ti/mcu_plus_sdk_am62x_10_01_00_33/source/drivers/lib\drivers.am62x.a53.gcc-aarch64.debug.lib(sciclient.obj)
 .text.CSL_REG32_WR_RAW
                0x00000000800881fc       0x24 C:/ti/mcu_plus_sdk_am62x_10_01_00_33/source/drivers/lib\drivers.am62x.a53.gcc-aarch64.debug.lib(soc.obj)

.text.Pinmux_config
                0x0000000080088220       0xc0
 .text.Pinmux_config
                0x0000000080088220       0xc0 C:/ti/mcu_plus_sdk_am62x_10_01_00_33/source/drivers/lib\drivers.am62x.a53.gcc-aarch64.debug.lib(pinmux.obj)
                0x0000000080088220                Pinmux_config

.text.Pinmux_lockMMR
                0x00000000800882e0       0x14
 .text.Pinmux_lockMMR
                0x00000000800882e0       0x14 C:/ti/mcu_plus_sdk_am62x_10_01_00_33/source/drivers/lib\drivers.am62x.a53.gcc-aarch64.debug.lib(pinmux.obj)
                0x00000000800882e0                Pinmux_lockMMR

.text.Pinmux_unlockMMR
                0x00000000800882f4      0x14c
 .text.Pinmux_unlockMMR
                0x00000000800882f4      0x14c C:/ti/mcu_plus_sdk_am62x_10_01_00_33/source/drivers/lib\drivers.am62x.a53.gcc-aarch64.debug.lib(pinmux.obj)
                0x00000000800882f4                Pinmux_unlockMMR

.text.CSL_REG32_RD_RAW
                0x0000000080088440       0x18
 .text.CSL_REG32_RD_RAW
                0x0000000080088440       0x18 C:/ti/mcu_plus_sdk_am62x_10_01_00_33/source/drivers/lib\drivers.am62x.a53.gcc-aarch64.debug.lib(sciclient.obj)

.text.CSL_REG32_FEXT_RAW
                0x0000000080088458       0x44
 .text.CSL_REG32_FEXT_RAW
                0x0000000080088458       0x44 C:/ti/mcu_plus_sdk_am62x_10_01_00_33/source/drivers/lib\drivers.am62x.a53.gcc-aarch64.debug.lib(sciclient.obj)

.text.CSL_secProxyGetMaxMsgSize
                0x000000008008849c       0x50
 .text.CSL_secProxyGetMaxMsgSize
                0x000000008008849c       0x50 C:/ti/mcu_plus_sdk_am62x_10_01_00_33/source/drivers/lib\drivers.am62x.a53.gcc-aarch64.debug.lib(sciclient.obj)

.text.Sciclient_init
                0x00000000800884f0      0x170
 .text.Sciclient_init
                0x00000000800884f0      0x170 C:/ti/mcu_plus_sdk_am62x_10_01_00_33/source/drivers/lib\drivers.am62x.a53.gcc-aarch64.debug.lib(sciclient.obj)
                0x00000000800884f0                Sciclient_init

.text.Sciclient_service
                0x0000000080088660      0x4c0
 .text.Sciclient_service
                0x0000000080088660      0x4c0 C:/ti/mcu_plus_sdk_am62x_10_01_00_33/source/drivers/lib\drivers.am62x.a53.gcc-aarch64.debug.lib(sciclient.obj)
                0x0000000080088660                Sciclient_service

.text.Sciclient_getCurrentContext
                0x0000000080088b20       0xe0
 .text.Sciclient_getCurrentContext
                0x0000000080088b20       0xe0 C:/ti/mcu_plus_sdk_am62x_10_01_00_33/source/drivers/lib\drivers.am62x.a53.gcc-aarch64.debug.lib(sciclient.obj)
                0x0000000080088b20                Sciclient_getCurrentContext

.text.Sciclient_getSelfDevIdCore
                0x0000000080088c00       0x20
 .text.Sciclient_getSelfDevIdCore
                0x0000000080088c00       0x20 C:/ti/mcu_plus_sdk_am62x_10_01_00_33/source/drivers/lib\drivers.am62x.a53.gcc-aarch64.debug.lib(sciclient.obj)
                0x0000000080088c00                Sciclient_getSelfDevIdCore

.text.Sciclient_sendMessage
                0x0000000080088c20      0x248
 .text.Sciclient_sendMessage
                0x0000000080088c20      0x248 C:/ti/mcu_plus_sdk_am62x_10_01_00_33/source/drivers/lib\drivers.am62x.a53.gcc-aarch64.debug.lib(sciclient.obj)

.text.Sciclient_waitForMessage
                0x0000000080088e68      0x188
 .text.Sciclient_waitForMessage
                0x0000000080088e68      0x188 C:/ti/mcu_plus_sdk_am62x_10_01_00_33/source/drivers/lib\drivers.am62x.a53.gcc-aarch64.debug.lib(sciclient.obj)

.text.Sciclient_recvMessage
                0x0000000080088ff0      0x240
 .text.Sciclient_recvMessage
                0x0000000080088ff0      0x240 C:/ti/mcu_plus_sdk_am62x_10_01_00_33/source/drivers/lib\drivers.am62x.a53.gcc-aarch64.debug.lib(sciclient.obj)

.text.Sciclient_secProxyThreadStatusReg
                0x0000000080089230       0x38
 .text.Sciclient_secProxyThreadStatusReg
                0x0000000080089230       0x38 C:/ti/mcu_plus_sdk_am62x_10_01_00_33/source/drivers/lib\drivers.am62x.a53.gcc-aarch64.debug.lib(sciclient.obj)

.text.Sciclient_secProxyReadThread32
                0x0000000080089268       0x58
 .text.Sciclient_secProxyReadThread32
                0x0000000080089268       0x58 C:/ti/mcu_plus_sdk_am62x_10_01_00_33/source/drivers/lib\drivers.am62x.a53.gcc-aarch64.debug.lib(sciclient.obj)

.text.Sciclient_secProxyReadThreadCount
                0x00000000800892c0       0x28
 .text.Sciclient_secProxyReadThreadCount
                0x00000000800892c0       0x28 C:/ti/mcu_plus_sdk_am62x_10_01_00_33/source/drivers/lib\drivers.am62x.a53.gcc-aarch64.debug.lib(sciclient.obj)

.text.Sciclient_secProxyVerifyThread
                0x00000000800892e8       0x3c
 .text.Sciclient_secProxyVerifyThread
                0x00000000800892e8       0x3c C:/ti/mcu_plus_sdk_am62x_10_01_00_33/source/drivers/lib\drivers.am62x.a53.gcc-aarch64.debug.lib(sciclient.obj)

.text.Sciclient_secProxyWaitThread
                0x0000000080089324       0x6c
 .text.Sciclient_secProxyWaitThread
                0x0000000080089324       0x6c C:/ti/mcu_plus_sdk_am62x_10_01_00_33/source/drivers/lib\drivers.am62x.a53.gcc-aarch64.debug.lib(sciclient.obj)

.text.Sciclient_secProxyFlush
                0x0000000080089390       0x70
 .text.Sciclient_secProxyFlush
                0x0000000080089390       0x70 C:/ti/mcu_plus_sdk_am62x_10_01_00_33/source/drivers/lib\drivers.am62x.a53.gcc-aarch64.debug.lib(sciclient.obj)

.text.Sciclient_getContext
                0x0000000080089400       0xa8
 .text.Sciclient_getContext
                0x0000000080089400       0xa8 C:/ti/mcu_plus_sdk_am62x_10_01_00_33/source/drivers/lib\drivers.am62x.a53.gcc-aarch64.debug.lib(sciclient_soc_priv.obj)
                0x0000000080089400                Sciclient_getContext

.text.Sciclient_getDevId
                0x00000000800894a8       0xe4
 .text.Sciclient_getDevId
                0x00000000800894a8       0xe4 C:/ti/mcu_plus_sdk_am62x_10_01_00_33/source/drivers/lib\drivers.am62x.a53.gcc-aarch64.debug.lib(sciclient_soc_priv.obj)
                0x00000000800894a8                Sciclient_getDevId

.text.SOC_moduleClockEnable
                0x000000008008958c       0xe8
 .text.SOC_moduleClockEnable
                0x000000008008958c       0xe8 C:/ti/mcu_plus_sdk_am62x_10_01_00_33/source/drivers/lib\drivers.am62x.a53.gcc-aarch64.debug.lib(soc.obj)
                0x000000008008958c                SOC_moduleClockEnable

.text.SOC_moduleSetClockFrequency
                0x0000000080089674      0x2ac
 .text.SOC_moduleSetClockFrequency
                0x0000000080089674      0x2ac C:/ti/mcu_plus_sdk_am62x_10_01_00_33/source/drivers/lib\drivers.am62x.a53.gcc-aarch64.debug.lib(soc.obj)
                0x0000000080089674                SOC_moduleSetClockFrequency

.text.SOC_getSelfCpuClk
                0x0000000080089920       0x38
 .text.SOC_getSelfCpuClk
                0x0000000080089920       0x38 C:/ti/mcu_plus_sdk_am62x_10_01_00_33/source/drivers/lib\drivers.am62x.a53.gcc-aarch64.debug.lib(soc.obj)
                0x0000000080089920                SOC_getSelfCpuClk

.text.SOC_controlModuleLockMMR
                0x0000000080089958       0x7c
 .text.SOC_controlModuleLockMMR
                0x0000000080089958       0x7c C:/ti/mcu_plus_sdk_am62x_10_01_00_33/source/drivers/lib\drivers.am62x.a53.gcc-aarch64.debug.lib(soc.obj)
                0x0000000080089958                SOC_controlModuleLockMMR

.text.SOC_controlModuleUnlockMMR
                0x00000000800899d4      0x14c
 .text.SOC_controlModuleUnlockMMR
                0x00000000800899d4      0x14c C:/ti/mcu_plus_sdk_am62x_10_01_00_33/source/drivers/lib\drivers.am62x.a53.gcc-aarch64.debug.lib(soc.obj)
                0x00000000800899d4                SOC_controlModuleUnlockMMR

.text.HW_RD_REG32_RAW
                0x0000000080089b20       0x20
 .text.HW_RD_REG32_RAW
                0x0000000080089b20       0x20 C:/ti/mcu_plus_sdk_am62x_10_01_00_33/source/drivers/lib\drivers.am62x.a53.gcc-aarch64.debug.lib(uart_v0.obj)

.text.HW_WR_REG32_RAW
                0x0000000080089b40       0x28
 .text.HW_WR_REG32_RAW
                0x0000000080089b40       0x28 C:/ti/mcu_plus_sdk_am62x_10_01_00_33/source/drivers/lib\drivers.am62x.a53.gcc-aarch64.debug.lib(uart_v0.obj)

.text.HW_WR_FIELD32_RAW
                0x0000000080089b68       0x70
 .text.HW_WR_FIELD32_RAW
                0x0000000080089b68       0x70 C:/ti/mcu_plus_sdk_am62x_10_01_00_33/source/drivers/lib\drivers.am62x.a53.gcc-aarch64.debug.lib(uart_v0.obj)

.text.HW_RD_FIELD32_RAW
                0x0000000080089bd8       0x40
 .text.HW_RD_FIELD32_RAW
                0x0000000080089bd8       0x40 C:/ti/mcu_plus_sdk_am62x_10_01_00_33/source/drivers/lib\drivers.am62x.a53.gcc-aarch64.debug.lib(uart_v0.obj)

.text.UART_Params_init
                0x0000000080089c18       0xe0
 .text.UART_Params_init
                0x0000000080089c18       0xe0 C:/ti/mcu_plus_sdk_am62x_10_01_00_33/source/drivers/lib\drivers.am62x.a53.gcc-aarch64.debug.lib(uart_v0.obj)

.text.UART_putChar
                0x0000000080089cf8       0x2c
 .text.UART_putChar
                0x0000000080089cf8       0x2c C:/ti/mcu_plus_sdk_am62x_10_01_00_33/source/drivers/lib\drivers.am62x.a53.gcc-aarch64.debug.lib(uart_v0.obj)

.text.UART_getChar
                0x0000000080089d24       0xac
 .text.UART_getChar
                0x0000000080089d24       0xac C:/ti/mcu_plus_sdk_am62x_10_01_00_33/source/drivers/lib\drivers.am62x.a53.gcc-aarch64.debug.lib(uart_v0.obj)

.text.UART_intrEnable
                0x0000000080089dd0      0x174
 .text.UART_intrEnable
                0x0000000080089dd0      0x174 C:/ti/mcu_plus_sdk_am62x_10_01_00_33/source/drivers/lib\drivers.am62x.a53.gcc-aarch64.debug.lib(uart_v0.obj)

.text.UART_intrDisable
                0x0000000080089f44      0x164
 .text.UART_intrDisable
                0x0000000080089f44      0x164 C:/ti/mcu_plus_sdk_am62x_10_01_00_33/source/drivers/lib\drivers.am62x.a53.gcc-aarch64.debug.lib(uart_v0.obj)

.text.UART_intr2Disable
                0x000000008008a0a8       0x58
 .text.UART_intr2Disable
                0x000000008008a0a8       0x58 C:/ti/mcu_plus_sdk_am62x_10_01_00_33/source/drivers/lib\drivers.am62x.a53.gcc-aarch64.debug.lib(uart_v0.obj)

.text.UART_getIntrIdentityStatus
                0x000000008008a100       0x80
 .text.UART_getIntrIdentityStatus
                0x000000008008a100       0x80 C:/ti/mcu_plus_sdk_am62x_10_01_00_33/source/drivers/lib\drivers.am62x.a53.gcc-aarch64.debug.lib(uart_v0.obj)

.text.UART_checkCharsAvailInFifo
                0x000000008008a180       0x8c
 .text.UART_checkCharsAvailInFifo
                0x000000008008a180       0x8c C:/ti/mcu_plus_sdk_am62x_10_01_00_33/source/drivers/lib\drivers.am62x.a53.gcc-aarch64.debug.lib(uart_v0.obj)

.text.UART_readLineStatus
                0x000000008008a20c       0x7c
 .text.UART_readLineStatus
                0x000000008008a20c       0x7c C:/ti/mcu_plus_sdk_am62x_10_01_00_33/source/drivers/lib\drivers.am62x.a53.gcc-aarch64.debug.lib(uart_v0.obj)

.text.UART_init
                0x000000008008a288      0x190
 .text.UART_init
                0x000000008008a288      0x190 C:/ti/mcu_plus_sdk_am62x_10_01_00_33/source/drivers/lib\drivers.am62x.a53.gcc-aarch64.debug.lib(uart_v0.obj)
                0x000000008008a288                UART_init

.text.UART_open
                0x000000008008a418      0x428
 .text.UART_open
                0x000000008008a418      0x428 C:/ti/mcu_plus_sdk_am62x_10_01_00_33/source/drivers/lib\drivers.am62x.a53.gcc-aarch64.debug.lib(uart_v0.obj)
                0x000000008008a418                UART_open

.text.UART_getHandle
                0x000000008008a840       0x90
 .text.UART_getHandle
                0x000000008008a840       0x90 C:/ti/mcu_plus_sdk_am62x_10_01_00_33/source/drivers/lib\drivers.am62x.a53.gcc-aarch64.debug.lib(uart_v0.obj)
                0x000000008008a840                UART_getHandle

.text.UART_close
                0x000000008008a8d0      0x288
 .text.UART_close
                0x000000008008a8d0      0x288 C:/ti/mcu_plus_sdk_am62x_10_01_00_33/source/drivers/lib\drivers.am62x.a53.gcc-aarch64.debug.lib(uart_v0.obj)
                0x000000008008a8d0                UART_close

.text.UART_write
                0x000000008008ab58      0x328
 .text.UART_write
                0x000000008008ab58      0x328 C:/ti/mcu_plus_sdk_am62x_10_01_00_33/source/drivers/lib\drivers.am62x.a53.gcc-aarch64.debug.lib(uart_v0.obj)
                0x000000008008ab58                UART_write

.text.UART_flushTxFifo
                0x000000008008ae80      0x160
 .text.UART_flushTxFifo
                0x000000008008ae80      0x160 C:/ti/mcu_plus_sdk_am62x_10_01_00_33/source/drivers/lib\drivers.am62x.a53.gcc-aarch64.debug.lib(uart_v0.obj)
                0x000000008008ae80                UART_flushTxFifo

.text.UART_writeCancelNoCB
                0x000000008008afe0       0xf8
 .text.UART_writeCancelNoCB
                0x000000008008afe0       0xf8 C:/ti/mcu_plus_sdk_am62x_10_01_00_33/source/drivers/lib\drivers.am62x.a53.gcc-aarch64.debug.lib(uart_v0.obj)

.text.UART_configInstance
                0x000000008008b0d8      0x2b0
 .text.UART_configInstance
                0x000000008008b0d8      0x2b0 C:/ti/mcu_plus_sdk_am62x_10_01_00_33/source/drivers/lib\drivers.am62x.a53.gcc-aarch64.debug.lib(uart_v0.obj)

.text.UART_resetModule
                0x000000008008b388       0x60
 .text.UART_resetModule
                0x000000008008b388       0x60 C:/ti/mcu_plus_sdk_am62x_10_01_00_33/source/drivers/lib\drivers.am62x.a53.gcc-aarch64.debug.lib(uart_v0.obj)

.text.UART_checkOpenParams
                0x000000008008b3e8       0x68
 .text.UART_checkOpenParams
                0x000000008008b3e8       0x68 C:/ti/mcu_plus_sdk_am62x_10_01_00_33/source/drivers/lib\drivers.am62x.a53.gcc-aarch64.debug.lib(uart_v0.obj)

.text.UART_checkTransaction
                0x000000008008b450       0x58
 .text.UART_checkTransaction
                0x000000008008b450       0x58 C:/ti/mcu_plus_sdk_am62x_10_01_00_33/source/drivers/lib\drivers.am62x.a53.gcc-aarch64.debug.lib(uart_v0.obj)

.text.UART_enhanFuncEnable
                0x000000008008b4a8       0x64
 .text.UART_enhanFuncEnable
                0x000000008008b4a8       0x64 C:/ti/mcu_plus_sdk_am62x_10_01_00_33/source/drivers/lib\drivers.am62x.a53.gcc-aarch64.debug.lib(uart_v0.obj)

.text.UART_regConfModeRestore
                0x000000008008b50c       0x2c
 .text.UART_regConfModeRestore
                0x000000008008b50c       0x2c C:/ti/mcu_plus_sdk_am62x_10_01_00_33/source/drivers/lib\drivers.am62x.a53.gcc-aarch64.debug.lib(uart_v0.obj)

.text.UART_modemControlReset
                0x000000008008b538       0x2c
 .text.UART_modemControlReset
                0x000000008008b538       0x2c C:/ti/mcu_plus_sdk_am62x_10_01_00_33/source/drivers/lib\drivers.am62x.a53.gcc-aarch64.debug.lib(uart_v0.obj)

.text.UART_operatingModeSelect
                0x000000008008b564       0x48
 .text.UART_operatingModeSelect
                0x000000008008b564       0x48 C:/ti/mcu_plus_sdk_am62x_10_01_00_33/source/drivers/lib\drivers.am62x.a53.gcc-aarch64.debug.lib(uart_v0.obj)

.text.UART_moduleReset
                0x000000008008b5ac       0x54
 .text.UART_moduleReset
                0x000000008008b5ac       0x54 C:/ti/mcu_plus_sdk_am62x_10_01_00_33/source/drivers/lib\drivers.am62x.a53.gcc-aarch64.debug.lib(uart_v0.obj)

.text.UART_subConfigTCRTLRModeEn
                0x000000008008b600       0xec
 .text.UART_subConfigTCRTLRModeEn
                0x000000008008b600       0xec C:/ti/mcu_plus_sdk_am62x_10_01_00_33/source/drivers/lib\drivers.am62x.a53.gcc-aarch64.debug.lib(uart_v0.obj)

.text.UART_enhanFuncBitValRestore
                0x000000008008b6ec       0x60
 .text.UART_enhanFuncBitValRestore
                0x000000008008b6ec       0x60 C:/ti/mcu_plus_sdk_am62x_10_01_00_33/source/drivers/lib\drivers.am62x.a53.gcc-aarch64.debug.lib(uart_v0.obj)

.text.UART_divisorLatchWrite
                0x000000008008b74c      0x1d8
 .text.UART_divisorLatchWrite
                0x000000008008b74c      0x1d8 C:/ti/mcu_plus_sdk_am62x_10_01_00_33/source/drivers/lib\drivers.am62x.a53.gcc-aarch64.debug.lib(uart_v0.obj)

.text.UART_fifoRegisterWrite
                0x000000008008b924       0x80
 .text.UART_fifoRegisterWrite
                0x000000008008b924       0x80 C:/ti/mcu_plus_sdk_am62x_10_01_00_33/source/drivers/lib\drivers.am62x.a53.gcc-aarch64.debug.lib(uart_v0.obj)

.text.UART_tcrTlrBitValRestore
                0x000000008008b9a4       0xdc
 .text.UART_tcrTlrBitValRestore
                0x000000008008b9a4       0xdc C:/ti/mcu_plus_sdk_am62x_10_01_00_33/source/drivers/lib\drivers.am62x.a53.gcc-aarch64.debug.lib(uart_v0.obj)

.text.UART_fifoConfig
                0x000000008008ba80      0x3c0
 .text.UART_fifoConfig
                0x000000008008ba80      0x3c0 C:/ti/mcu_plus_sdk_am62x_10_01_00_33/source/drivers/lib\drivers.am62x.a53.gcc-aarch64.debug.lib(uart_v0.obj)

.text.UART_divideRoundCloset
                0x000000008008be40       0x2c
 .text.UART_divideRoundCloset
                0x000000008008be40       0x2c C:/ti/mcu_plus_sdk_am62x_10_01_00_33/source/drivers/lib\drivers.am62x.a53.gcc-aarch64.debug.lib(uart_v0.obj)

.text.UART_divisorValCompute
                0x000000008008be6c       0xe8
 .text.UART_divisorValCompute
                0x000000008008be6c       0xe8 C:/ti/mcu_plus_sdk_am62x_10_01_00_33/source/drivers/lib\drivers.am62x.a53.gcc-aarch64.debug.lib(uart_v0.obj)

.text.UART_lineCharConfig
                0x000000008008bf54       0x80
 .text.UART_lineCharConfig
                0x000000008008bf54       0x80 C:/ti/mcu_plus_sdk_am62x_10_01_00_33/source/drivers/lib\drivers.am62x.a53.gcc-aarch64.debug.lib(uart_v0.obj)

.text.UART_divisorLatchDisable
                0x000000008008bfd4       0x30
 .text.UART_divisorLatchDisable
                0x000000008008bfd4       0x30 C:/ti/mcu_plus_sdk_am62x_10_01_00_33/source/drivers/lib\drivers.am62x.a53.gcc-aarch64.debug.lib(uart_v0.obj)

.text.UART_breakCtl
                0x000000008008c004       0x40
 .text.UART_breakCtl
                0x000000008008c004       0x40 C:/ti/mcu_plus_sdk_am62x_10_01_00_33/source/drivers/lib\drivers.am62x.a53.gcc-aarch64.debug.lib(uart_v0.obj)

.text.UART_fifoCharGet
                0x000000008008c044       0x2c
 .text.UART_fifoCharGet
                0x000000008008c044       0x2c C:/ti/mcu_plus_sdk_am62x_10_01_00_33/source/drivers/lib\drivers.am62x.a53.gcc-aarch64.debug.lib(uart_v0.obj)

.text.UART_hardwareFlowCtrlOptSet
                0x000000008008c070       0x58
 .text.UART_hardwareFlowCtrlOptSet
                0x000000008008c070       0x58 C:/ti/mcu_plus_sdk_am62x_10_01_00_33/source/drivers/lib\drivers.am62x.a53.gcc-aarch64.debug.lib(uart_v0.obj)

.text.UART_flowCtrlTrigLvlConfig
                0x000000008008c0c8       0x58
 .text.UART_flowCtrlTrigLvlConfig
                0x000000008008c0c8       0x58 C:/ti/mcu_plus_sdk_am62x_10_01_00_33/source/drivers/lib\drivers.am62x.a53.gcc-aarch64.debug.lib(uart_v0.obj)

.text.UART_spaceAvail
                0x000000008008c120       0x60
 .text.UART_spaceAvail
                0x000000008008c120       0x60 C:/ti/mcu_plus_sdk_am62x_10_01_00_33/source/drivers/lib\drivers.am62x.a53.gcc-aarch64.debug.lib(uart_v0.obj)

.text.UART_regConfigModeEnable
                0x000000008008c180       0xb0
 .text.UART_regConfigModeEnable
                0x000000008008c180       0xb0 C:/ti/mcu_plus_sdk_am62x_10_01_00_33/source/drivers/lib\drivers.am62x.a53.gcc-aarch64.debug.lib(uart_v0.obj)

.text.UART_masterIsr
                0x000000008008c230      0x3f8
 .text.UART_masterIsr
                0x000000008008c230      0x3f8 C:/ti/mcu_plus_sdk_am62x_10_01_00_33/source/drivers/lib\drivers.am62x.a53.gcc-aarch64.debug.lib(uart_v0.obj)

.text.UART_writeData
                0x000000008008c628       0xbc
 .text.UART_writeData
                0x000000008008c628       0xbc C:/ti/mcu_plus_sdk_am62x_10_01_00_33/source/drivers/lib\drivers.am62x.a53.gcc-aarch64.debug.lib(uart_v0.obj)

.text.UART_writeInterrupt
                0x000000008008c6e4       0x3c
 .text.UART_writeInterrupt
                0x000000008008c6e4       0x3c C:/ti/mcu_plus_sdk_am62x_10_01_00_33/source/drivers/lib\drivers.am62x.a53.gcc-aarch64.debug.lib(uart_v0.obj)

.text.UART_writePolling
                0x000000008008c720      0x124
 .text.UART_writePolling
                0x000000008008c720      0x124 C:/ti/mcu_plus_sdk_am62x_10_01_00_33/source/drivers/lib\drivers.am62x.a53.gcc-aarch64.debug.lib(uart_v0.obj)

.text.UART_writeDataPolling
                0x000000008008c844       0x88
 .text.UART_writeDataPolling
                0x000000008008c844       0x88 C:/ti/mcu_plus_sdk_am62x_10_01_00_33/source/drivers/lib\drivers.am62x.a53.gcc-aarch64.debug.lib(uart_v0.obj)

.text.UART_fifoWrite
                0x000000008008c8cc       0xe8
 .text.UART_fifoWrite
                0x000000008008c8cc       0xe8 C:/ti/mcu_plus_sdk_am62x_10_01_00_33/source/drivers/lib\drivers.am62x.a53.gcc-aarch64.debug.lib(uart_v0.obj)

.text.UART_readData
                0x000000008008c9b4       0xc0
 .text.UART_readData
                0x000000008008c9b4       0xc0 C:/ti/mcu_plus_sdk_am62x_10_01_00_33/source/drivers/lib\drivers.am62x.a53.gcc-aarch64.debug.lib(uart_v0.obj)

.text.UART_procLineStatusErr
                0x000000008008ca74      0x238
 .text.UART_procLineStatusErr
                0x000000008008ca74      0x238 C:/ti/mcu_plus_sdk_am62x_10_01_00_33/source/drivers/lib\drivers.am62x.a53.gcc-aarch64.debug.lib(uart_v0.obj)

.text.UART_i2310WA
                0x000000008008ccac       0x74
 .text.UART_i2310WA
                0x000000008008ccac       0x74 C:/ti/mcu_plus_sdk_am62x_10_01_00_33/source/drivers/lib\drivers.am62x.a53.gcc-aarch64.debug.lib(uart_v0.obj)

.text.UART_dmaOpen
                0x000000008008cd20       0xd8
 .text.UART_dmaOpen
                0x000000008008cd20       0xd8 C:/ti/mcu_plus_sdk_am62x_10_01_00_33/source/drivers/lib\drivers.am62x.a53.gcc-aarch64.debug.lib(uart_dma.obj)
                0x000000008008cd20                UART_dmaOpen

.text.UART_dmaClose
                0x000000008008cdf8       0xf0
 .text.UART_dmaClose
                0x000000008008cdf8       0xf0 C:/ti/mcu_plus_sdk_am62x_10_01_00_33/source/drivers/lib\drivers.am62x.a53.gcc-aarch64.debug.lib(uart_dma.obj)
                0x000000008008cdf8                UART_dmaClose

.text.UART_dmaDisableChannel
                0x000000008008cee8       0xf8
 .text.UART_dmaDisableChannel
                0x000000008008cee8       0xf8 C:/ti/mcu_plus_sdk_am62x_10_01_00_33/source/drivers/lib\drivers.am62x.a53.gcc-aarch64.debug.lib(uart_dma.obj)
                0x000000008008cee8                UART_dmaDisableChannel

.text.UART_writeInterruptDma
                0x000000008008cfe0       0x94
 .text.UART_writeInterruptDma
                0x000000008008cfe0       0x94 C:/ti/mcu_plus_sdk_am62x_10_01_00_33/source/drivers/lib\drivers.am62x.a53.gcc-aarch64.debug.lib(uart_dma.obj)
                0x000000008008cfe0                UART_writeInterruptDma

.text.CSL_secProxyGetDataAddr
                0x000000008008d074       0x38
 .text.CSL_secProxyGetDataAddr
                0x000000008008d074       0x38 C:/ti/mcu_plus_sdk_am62x_10_01_00_33/source/drivers/lib\drivers.am62x.a53.gcc-aarch64.debug.lib(csl_sec_proxy.obj)
                0x000000008008d074                CSL_secProxyGetDataAddr

.text.Sciclient_pmSetModuleState
                0x000000008008d0ac       0xcc
 .text.Sciclient_pmSetModuleState
                0x000000008008d0ac       0xcc C:/ti/mcu_plus_sdk_am62x_10_01_00_33/source/drivers/lib\drivers.am62x.a53.gcc-aarch64.debug.lib(sciclient_pm.obj)
                0x000000008008d0ac                Sciclient_pmSetModuleState

.text.Sciclient_pmGetModuleState
                0x000000008008d178      0x104
 .text.Sciclient_pmGetModuleState
                0x000000008008d178      0x104 C:/ti/mcu_plus_sdk_am62x_10_01_00_33/source/drivers/lib\drivers.am62x.a53.gcc-aarch64.debug.lib(sciclient_pm.obj)
                0x000000008008d178                Sciclient_pmGetModuleState

.text.Sciclient_pmSetModuleRst
                0x000000008008d27c       0xbc
 .text.Sciclient_pmSetModuleRst
                0x000000008008d27c       0xbc C:/ti/mcu_plus_sdk_am62x_10_01_00_33/source/drivers/lib\drivers.am62x.a53.gcc-aarch64.debug.lib(sciclient_pm.obj)
                0x000000008008d27c                Sciclient_pmSetModuleRst

.text.Sciclient_pmModuleClkRequest
                0x000000008008d338      0x134
 .text.Sciclient_pmModuleClkRequest
                0x000000008008d338      0x134 C:/ti/mcu_plus_sdk_am62x_10_01_00_33/source/drivers/lib\drivers.am62x.a53.gcc-aarch64.debug.lib(sciclient_pm.obj)
                0x000000008008d338                Sciclient_pmModuleClkRequest

.text.Sciclient_pmModuleGetClkStatus
                0x000000008008d46c      0x18c
 .text.Sciclient_pmModuleGetClkStatus
                0x000000008008d46c      0x18c C:/ti/mcu_plus_sdk_am62x_10_01_00_33/source/drivers/lib\drivers.am62x.a53.gcc-aarch64.debug.lib(sciclient_pm.obj)
                0x000000008008d46c                Sciclient_pmModuleGetClkStatus

.text.Sciclient_pmSetModuleClkParent
                0x000000008008d5f8      0x184
 .text.Sciclient_pmSetModuleClkParent
                0x000000008008d5f8      0x184 C:/ti/mcu_plus_sdk_am62x_10_01_00_33/source/drivers/lib\drivers.am62x.a53.gcc-aarch64.debug.lib(sciclient_pm.obj)
                0x000000008008d5f8                Sciclient_pmSetModuleClkParent

.text.Sciclient_pmGetModuleClkParent
                0x000000008008d77c      0x190
 .text.Sciclient_pmGetModuleClkParent
                0x000000008008d77c      0x190 C:/ti/mcu_plus_sdk_am62x_10_01_00_33/source/drivers/lib\drivers.am62x.a53.gcc-aarch64.debug.lib(sciclient_pm.obj)
                0x000000008008d77c                Sciclient_pmGetModuleClkParent

.text.Sciclient_pmGetModuleClkNumParent
                0x000000008008d90c      0x190
 .text.Sciclient_pmGetModuleClkNumParent
                0x000000008008d90c      0x190 C:/ti/mcu_plus_sdk_am62x_10_01_00_33/source/drivers/lib\drivers.am62x.a53.gcc-aarch64.debug.lib(sciclient_pm.obj)
                0x000000008008d90c                Sciclient_pmGetModuleClkNumParent

.text.Sciclient_pmSetModuleClkFreq
                0x000000008008da9c      0x2d0
 .text.Sciclient_pmSetModuleClkFreq
                0x000000008008da9c      0x2d0 C:/ti/mcu_plus_sdk_am62x_10_01_00_33/source/drivers/lib\drivers.am62x.a53.gcc-aarch64.debug.lib(sciclient_pm.obj)
                0x000000008008da9c                Sciclient_pmSetModuleClkFreq

.text.Sciclient_pmQueryModuleClkFreq
                0x000000008008dd6c      0x2f0
 .text.Sciclient_pmQueryModuleClkFreq
                0x000000008008dd6c      0x2f0 C:/ti/mcu_plus_sdk_am62x_10_01_00_33/source/drivers/lib\drivers.am62x.a53.gcc-aarch64.debug.lib(sciclient_pm.obj)
                0x000000008008dd6c                Sciclient_pmQueryModuleClkFreq

.text.Sciclient_pmGetModuleClkFreq
                0x000000008008e05c      0x188
 .text.Sciclient_pmGetModuleClkFreq
                0x000000008008e05c      0x188 C:/ti/mcu_plus_sdk_am62x_10_01_00_33/source/drivers/lib\drivers.am62x.a53.gcc-aarch64.debug.lib(sciclient_pm.obj)
                0x000000008008e05c                Sciclient_pmGetModuleClkFreq

.text.TaskP_yield
                0x000000008008e1e4        0x8
 .text.TaskP_yield
                0x000000008008e1e4        0x8 C:/ti/mcu_plus_sdk_am62x_10_01_00_33/source/kernel/nortos/lib\nortos.am62x.a53.gcc-aarch64.debug.lib(TaskP_nortos.obj)
                0x000000008008e1e4                TaskP_yield

.rela.dyn       0x000000008008e1f0        0x0
 .rela.iplt     0x000000008008e1f0        0x0 ./syscfg/ti_dpl_config.o
 .rela.text.TimerP_isr0
                0x000000008008e1f0        0x0 ./syscfg/ti_dpl_config.o
 .rela.text.TimerP_init
                0x000000008008e1f0        0x0 ./syscfg/ti_dpl_config.o
 .rela.text.Drivers_uartClose
                0x000000008008e1f0        0x0 ./syscfg/ti_dpl_config.o
 .rela.text.Drivers_uartOpen
                0x000000008008e1f0        0x0 ./syscfg/ti_dpl_config.o
 .rela.text.ClockP_timerTickIsr
                0x000000008008e1f0        0x0 ./syscfg/ti_dpl_config.o
 .rela.text.ClockP_destruct
                0x000000008008e1f0        0x0 ./syscfg/ti_dpl_config.o
 .rela.text.ClockP_getTicks
                0x000000008008e1f0        0x0 ./syscfg/ti_dpl_config.o
 .rela.text.ClockP_start
                0x000000008008e1f0        0x0 ./syscfg/ti_dpl_config.o
 .rela.text.ClockP_stop
                0x000000008008e1f0        0x0 ./syscfg/ti_dpl_config.o
 .rela.text.ClockP_getTimeUsec
                0x000000008008e1f0        0x0 ./syscfg/ti_dpl_config.o
 .rela.text.ClockP_addToList
                0x000000008008e1f0        0x0 ./syscfg/ti_dpl_config.o
 .rela.text.ClockP_init
                0x000000008008e1f0        0x0 ./syscfg/ti_dpl_config.o
 .rela.text.HwiP_construct
                0x000000008008e1f0        0x0 ./syscfg/ti_dpl_config.o
 .rela.text.HwiP_destruct
                0x000000008008e1f0        0x0 ./syscfg/ti_dpl_config.o
 .rela.text.HwiP_init
                0x000000008008e1f0        0x0 ./syscfg/ti_dpl_config.o
 .rela.text.HwiP_intrHandler
                0x000000008008e1f0        0x0 ./syscfg/ti_dpl_config.o
 .rela.text.MmuP_freeTable
                0x000000008008e1f0        0x0 ./syscfg/ti_dpl_config.o
 .rela.text.MmuP_allocTable
                0x000000008008e1f0        0x0 ./syscfg/ti_dpl_config.o
 .rela.text.MmuP_map
                0x000000008008e1f0        0x0 ./syscfg/ti_dpl_config.o
 .rela.text.MmuP_init
                0x000000008008e1f0        0x0 ./syscfg/ti_dpl_config.o
 .rela.text.boot
                0x000000008008e1f0        0x0 ./syscfg/ti_dpl_config.o
 .rela.text.__system_start
                0x000000008008e1f0        0x0 ./syscfg/ti_dpl_config.o

.rodata         0x000000008008e1f0      0x3b7
 .rodata        0x000000008008e1f0       0x4b C:/ti/mcu_plus_sdk_am62x_10_01_00_33/source/kernel/nortos/lib\nortos.am62x.a53.gcc-aarch64.debug.lib(ClockP_nortos.obj)
 *fill*         0x000000008008e23b        0x5 
 .rodata        0x000000008008e240       0xb0 C:/ti/mcu_plus_sdk_am62x_10_01_00_33/source/kernel/nortos/lib\nortos.am62x.a53.gcc-aarch64.debug.lib(ClockP_nortos_a53.obj)
 .rodata        0x000000008008e2f0       0x33 C:/ti/mcu_plus_sdk_am62x_10_01_00_33/source/kernel/nortos/lib\nortos.am62x.a53.gcc-aarch64.debug.lib(DebugP_log.obj)
 *fill*         0x000000008008e323        0x5 
 .rodata        0x000000008008e328       0x1c C:/ti/mcu_plus_sdk_am62x_10_01_00_33/source/kernel/nortos/lib\nortos.am62x.a53.gcc-aarch64.debug.lib(printf.obj)
 *fill*         0x000000008008e344        0x4 
 .rodata        0x000000008008e348       0x57 C:/ti/mcu_plus_sdk_am62x_10_01_00_33/source/kernel/nortos/lib\nortos.am62x.a53.gcc-aarch64.debug.lib(SemaphoreP_nortos.obj)
 *fill*         0x000000008008e39f        0x1 
 .rodata        0x000000008008e3a0      0x11a C:/ti/mcu_plus_sdk_am62x_10_01_00_33/source/kernel/nortos/lib\nortos.am62x.a53.gcc-aarch64.debug.lib(TimerP.obj)
 *fill*         0x000000008008e4ba        0x6 
 .rodata        0x000000008008e4c0       0xbf C:/ti/mcu_plus_sdk_am62x_10_01_00_33/source/drivers/lib\drivers.am62x.a53.gcc-aarch64.debug.lib(uart_v0.obj)
 *fill*         0x000000008008e57f        0x1 
 .rodata        0x000000008008e580       0x27 C:/ti/mcu_plus_sdk_am62x_10_01_00_33/source/drivers/lib\drivers.am62x.a53.gcc-aarch64.debug.lib(uart_dma.obj)

.rodata.Drivers_uartOpen.str1.8
                0x000000008008e5a8       0x35
 .rodata.Drivers_uartOpen.str1.8
                0x000000008008e5a8       0x35 ./syscfg/ti_drivers_open_close.o

.rodata.__FUNCTION__.7662
                0x000000008008e5e0       0x11
 .rodata.__FUNCTION__.7662
                0x000000008008e5e0       0x11 ./syscfg/ti_drivers_open_close.o

.rodata.hello_world_main.str1.8
                0x000000008008e5f8       0x20
 .rodata.hello_world_main.str1.8
                0x000000008008e5f8       0x20 ./hello_world.o

.rodata.main.str1.8
                0x000000008008e618       0x22
 .rodata.main.str1.8
                0x000000008008e618       0x22 ./main.o

.rodata.__FUNCTION__.8252
                0x000000008008e640        0x5
 .rodata.__FUNCTION__.8252
                0x000000008008e640        0x5 ./main.o

.rodata.__FUNCTION__.3706
                0x000000008008e648       0x11
 .rodata.__FUNCTION__.3706
                0x000000008008e648       0x11 C:/ti/mcu_plus_sdk_am62x_10_01_00_33/source/kernel/nortos/lib\nortos.am62x.a53.gcc-aarch64.debug.lib(ClockP_nortos.obj)

.rodata.__FUNCTION__.3699
                0x000000008008e660        0xc
 .rodata.__FUNCTION__.3699
                0x000000008008e660        0xc C:/ti/mcu_plus_sdk_am62x_10_01_00_33/source/kernel/nortos/lib\nortos.am62x.a53.gcc-aarch64.debug.lib(ClockP_nortos_a53.obj)

.rodata.gMmuInfo
                0x000000008008e670       0x18
 .rodata.gMmuInfo
                0x000000008008e670       0x18 C:/ti/mcu_plus_sdk_am62x_10_01_00_33/source/kernel/nortos/lib\nortos.am62x.a53.gcc-aarch64.debug.lib(MmuP_armv8.obj)
                0x000000008008e670                gMmuInfo

.rodata._vsnprintf
                0x000000008008e688      0x150
 .rodata._vsnprintf
                0x000000008008e688      0x150 C:/ti/mcu_plus_sdk_am62x_10_01_00_33/source/kernel/nortos/lib\nortos.am62x.a53.gcc-aarch64.debug.lib(printf.obj)

.rodata.pow10.3636
                0x000000008008e7d8       0x50
 .rodata.pow10.3636
                0x000000008008e7d8       0x50 C:/ti/mcu_plus_sdk_am62x_10_01_00_33/source/kernel/nortos/lib\nortos.am62x.a53.gcc-aarch64.debug.lib(printf.obj)

.rodata.__FUNCTION__.3666
                0x000000008008e828       0x15
 .rodata.__FUNCTION__.3666
                0x000000008008e828       0x15 C:/ti/mcu_plus_sdk_am62x_10_01_00_33/source/kernel/nortos/lib\nortos.am62x.a53.gcc-aarch64.debug.lib(SemaphoreP_nortos.obj)

.rodata.__FUNCTION__.3578
                0x000000008008e840        0xd
 .rodata.__FUNCTION__.3578
                0x000000008008e840        0xd C:/ti/mcu_plus_sdk_am62x_10_01_00_33/source/kernel/nortos/lib\nortos.am62x.a53.gcc-aarch64.debug.lib(TimerP.obj)

.rodata.gSciclientMap
                0x000000008008e850       0xf0
 .rodata.gSciclientMap
                0x000000008008e850       0xf0 C:/ti/mcu_plus_sdk_am62x_10_01_00_33/source/drivers/lib\drivers.am62x.a53.gcc-aarch64.debug.lib(sciclient_fmwSecureProxyMap.obj)
                0x000000008008e850                gSciclientMap

.rodata.__FUNCTION__.4795
                0x000000008008e940        0xa
 .rodata.__FUNCTION__.4795
                0x000000008008e940        0xa C:/ti/mcu_plus_sdk_am62x_10_01_00_33/source/drivers/lib\drivers.am62x.a53.gcc-aarch64.debug.lib(uart_v0.obj)

.rodata.__FUNCTION__.4811
                0x000000008008e950        0xa
 .rodata.__FUNCTION__.4811
                0x000000008008e950        0xa C:/ti/mcu_plus_sdk_am62x_10_01_00_33/source/drivers/lib\drivers.am62x.a53.gcc-aarch64.debug.lib(uart_v0.obj)

.rodata.__FUNCTION__.4823
                0x000000008008e960        0xb
 .rodata.__FUNCTION__.4823
                0x000000008008e960        0xb C:/ti/mcu_plus_sdk_am62x_10_01_00_33/source/drivers/lib\drivers.am62x.a53.gcc-aarch64.debug.lib(uart_v0.obj)

.rodata.__FUNCTION__.4835
                0x000000008008e970        0xb
 .rodata.__FUNCTION__.4835
                0x000000008008e970        0xb C:/ti/mcu_plus_sdk_am62x_10_01_00_33/source/drivers/lib\drivers.am62x.a53.gcc-aarch64.debug.lib(uart_v0.obj)

.rodata.__FUNCTION__.4878
                0x000000008008e980       0x11
 .rodata.__FUNCTION__.4878
                0x000000008008e980       0x11 C:/ti/mcu_plus_sdk_am62x_10_01_00_33/source/drivers/lib\drivers.am62x.a53.gcc-aarch64.debug.lib(uart_v0.obj)

.rodata.__FUNCTION__.4919
                0x000000008008e998       0x14
 .rodata.__FUNCTION__.4919
                0x000000008008e998       0x14 C:/ti/mcu_plus_sdk_am62x_10_01_00_33/source/drivers/lib\drivers.am62x.a53.gcc-aarch64.debug.lib(uart_v0.obj)

.rodata.__FUNCTION__.5081
                0x000000008008e9b0        0xf
 .rodata.__FUNCTION__.5081
                0x000000008008e9b0        0xf C:/ti/mcu_plus_sdk_am62x_10_01_00_33/source/drivers/lib\drivers.am62x.a53.gcc-aarch64.debug.lib(uart_v0.obj)

.rodata.__FUNCTION__.4512
                0x000000008008e9c0        0xe
 .rodata.__FUNCTION__.4512
                0x000000008008e9c0        0xe C:/ti/mcu_plus_sdk_am62x_10_01_00_33/source/drivers/lib\drivers.am62x.a53.gcc-aarch64.debug.lib(uart_dma.obj)

.rodata.__FUNCTION__.4521
                0x000000008008e9d0       0x17
 .rodata.__FUNCTION__.4521
                0x000000008008e9d0       0x17 C:/ti/mcu_plus_sdk_am62x_10_01_00_33/source/drivers/lib\drivers.am62x.a53.gcc-aarch64.debug.lib(uart_dma.obj)

.data           0x000000008008e9e8      0x198
                0x000000008008e9e8                __data_load__ = LOADADDR (.data)
                0x000000008008e9e8                __data_start__ = .
 *(.data)
 *(.data*)
 .data.gClockConfig
                0x000000008008e9e8       0x18 ./syscfg/ti_dpl_config.o
                0x000000008008e9e8                gClockConfig
 .data.gMmuConfig
                0x000000008008ea00        0x8 ./syscfg/ti_dpl_config.o
                0x000000008008ea00                gMmuConfig
 .data.gMmuRegionConfig
                0x000000008008ea08       0x78 ./syscfg/ti_dpl_config.o
                0x000000008008ea08                gMmuRegionConfig
 .data.gUartAttrs
                0x000000008008ea80        0x8 ./syscfg/ti_drivers_config.o
 .data.gUartConfig
                0x000000008008ea88       0x18 ./syscfg/ti_drivers_config.o
                0x000000008008ea88                gUartConfig
 .data.gUartConfigNum
                0x000000008008eaa0        0x4 ./syscfg/ti_drivers_config.o
                0x000000008008eaa0                gUartConfigNum
 *fill*         0x000000008008eaa4        0x4 
 .data.gUartParams
                0x000000008008eaa8       0x60 ./syscfg/ti_drivers_open_close.o
                0x000000008008eaa8                gUartParams
 .data.gPinMuxMainDomainCfg
                0x000000008008eb08       0x20 ./syscfg/ti_pinmux_config.o
 .data.gPinMuxMcuDomainCfg
                0x000000008008eb28        0x8 ./syscfg/ti_pinmux_config.o
 .data.gSocModules
                0x000000008008eb30        0x8 ./syscfg/ti_power_clock_config.o
                0x000000008008eb30                gSocModules
 .data.gSocModulesClockFrequency
                0x000000008008eb38       0x18 ./syscfg/ti_power_clock_config.o
                0x000000008008eb38                gSocModulesClockFrequency
 .data.gDebugLogZone
                0x000000008008eb50        0x4 C:/ti/mcu_plus_sdk_am62x_10_01_00_33/source/kernel/nortos/lib\nortos.am62x.a53.gcc-aarch64.debug.lib(DebugP_log.obj)
                0x000000008008eb50                gDebugLogZone
 .data.gDebugP_uartDrvIndex
                0x000000008008eb54        0x4 C:/ti/mcu_plus_sdk_am62x_10_01_00_33/source/kernel/nortos/lib\nortos.am62x.a53.gcc-aarch64.debug.lib(DebugP_uartLogWriter.obj)
                0x000000008008eb54                gDebugP_uartDrvIndex
 .data.gSciclientSecProxyCfg
                0x000000008008eb58       0x28 C:/ti/mcu_plus_sdk_am62x_10_01_00_33/source/drivers/lib\drivers.am62x.a53.gcc-aarch64.debug.lib(sciclient_soc_priv.obj)
                0x000000008008eb58                gSciclientSecProxyCfg
                0x000000008008eb80                . = ALIGN (0x8)
                0x000000008008eb80                __data_end__ = .

.igot.plt       0x000000008008eb80        0x0
 .igot.plt      0x000000008008eb80        0x0 ./syscfg/ti_dpl_config.o

.bss.user_shared_mem
 *(.bss.user_shared_mem)

.bss.log_shared_mem
 *(.bss.log_shared_mem)

.bss.amp_shared_mem
                0x0000000099000000        0x8
 *(.bss.amp_shared_mem)
 .bss.amp_shared_mem
                0x0000000099000000        0x8 ./syscfg/ti_dpl_config.o
                0x0000000099000000                gSwSpinLockBuff

.bss            0x0000000080090000    0x30008
                0x0000000080090000                __bss_start__ = .
 *(.bss)
 *(.bss.*)
 .bss.gUartDmaConfig
                0x0000000080090000        0x0 ./syscfg/ti_drivers_config.o
                0x0000000080090000                gUartDmaConfig
 .bss.gUartDmaConfigNum
                0x0000000080090000        0x4 ./syscfg/ti_drivers_config.o
                0x0000000080090000                gUartDmaConfigNum
 *fill*         0x0000000080090004        0x4 
 .bss.gUartObjects
                0x0000000080090008      0x480 ./syscfg/ti_drivers_config.o
 .bss.gAddrTranslateConfig
                0x0000000080090488       0x10 C:/ti/mcu_plus_sdk_am62x_10_01_00_33/source/kernel/nortos/lib\nortos.am62x.a53.gcc-aarch64.debug.lib(AddrTranslateP.obj)
                0x0000000080090488                gAddrTranslateConfig
 .bss.gHwiInIsrFlag
                0x0000000080090498        0x4 C:/ti/mcu_plus_sdk_am62x_10_01_00_33/source/kernel/nortos/lib\nortos.am62x.a53.gcc-aarch64.debug.lib(HwiP_armv8_handlers_nortos.obj)
                0x0000000080090498                gHwiInIsrFlag
 *fill*         0x000000008009049c        0x4 
 .bss.gCounterFreqHz
                0x00000000800904a0        0x8 C:/ti/mcu_plus_sdk_am62x_10_01_00_33/source/kernel/nortos/lib\nortos.am62x.a53.gcc-aarch64.debug.lib(PmuP_armv8.obj)
 .bss.gSciclientHandle
                0x00000000800904a8       0x18 C:/ti/mcu_plus_sdk_am62x_10_01_00_33/source/drivers/lib\drivers.am62x.a53.gcc-aarch64.debug.lib(sciclient.obj)
 .bss.gSecHeaderSizeWords
                0x00000000800904c0        0x1 C:/ti/mcu_plus_sdk_am62x_10_01_00_33/source/drivers/lib\drivers.am62x.a53.gcc-aarch64.debug.lib(sciclient.obj)
 *fill*         0x00000000800904c1        0x7 
 .bss.gUartDrvObj
                0x00000000800904c8      0x138 C:/ti/mcu_plus_sdk_am62x_10_01_00_33/source/drivers/lib\drivers.am62x.a53.gcc-aarch64.debug.lib(uart_v0.obj)
                0x0000000080090600                . = ALIGN (0x8)
 *(COMMON)
 COMMON         0x0000000080090600       0x28 ./syscfg/ti_dpl_config.o
                0x0000000080090600                gTimerBaseAddr
                0x0000000080090608                gTimerHwiObj
 COMMON         0x0000000080090628        0x8 ./syscfg/ti_drivers_open_close.o
                0x0000000080090628                gUartHandle
 COMMON         0x0000000080090630       0x40 C:/ti/mcu_plus_sdk_am62x_10_01_00_33/source/kernel/nortos/lib\nortos.am62x.a53.gcc-aarch64.debug.lib(ClockP_nortos.obj)
                0x0000000080090630                gClockCtrl
 COMMON         0x0000000080090670     0x4000 C:/ti/mcu_plus_sdk_am62x_10_01_00_33/source/kernel/nortos/lib\nortos.am62x.a53.gcc-aarch64.debug.lib(HwiP_armv8_gic.obj)
                0x0000000080090670                gHwiCtrl
 *fill*         0x0000000080094670     0xb990 
 COMMON         0x00000000800a0000    0x20008 C:/ti/mcu_plus_sdk_am62x_10_01_00_33/source/kernel/nortos/lib\nortos.am62x.a53.gcc-aarch64.debug.lib(MmuP_armv8.obj)
                0x00000000800a0000                gMmuLevel1Table
                0x00000000800b0000                gMmuTableArray
                0x00000000800c0000                gMmuTableArraySlot
                0x00000000800c0008                __bss_end__ = .
                0x00000000800c0008                . = ALIGN (0x8)

.heap           0x00000000800c0008    0x20000
                0x00000000800c0008                __heap_start__ = .
 *(.heap)
                0x00000000800e0008                . = (. + __TI_HEAP_SIZE)
 *fill*         0x00000000800c0008    0x20000 
                0x00000000800e0008                __heap_end__ = .

.stack          0x00000000800e0010    0x10000
                0x00000000800e0010                __TI_STACK_BASE = .
 *(.stack)
                0x00000000800f0010                . = (. + __TI_STACK_SIZE)
 *fill*         0x00000000800e0010    0x10000 
START GROUP
LOAD c:/ti/gcc-arm-9.2-2019.12-mingw-w64-i686-aarch64-none-elf/bin/../lib/gcc/aarch64-none-elf/9.2.1\libstdc++.a
LOAD c:/ti/gcc-arm-9.2-2019.12-mingw-w64-i686-aarch64-none-elf/bin/../lib/gcc/aarch64-none-elf/9.2.1\libgcc.a
LOAD c:/ti/gcc-arm-9.2-2019.12-mingw-w64-i686-aarch64-none-elf/bin/../lib/gcc/aarch64-none-elf/9.2.1\libm.a
LOAD c:/ti/gcc-arm-9.2-2019.12-mingw-w64-i686-aarch64-none-elf/bin/../lib/gcc/aarch64-none-elf/9.2.1\librdimon.a
LOAD C:/ti/mcu_plus_sdk_am62x_10_01_00_33/source/kernel/nortos/lib\nortos.am62x.a53.gcc-aarch64.debug.lib
LOAD C:/ti/mcu_plus_sdk_am62x_10_01_00_33/source/drivers/lib\drivers.am62x.a53.gcc-aarch64.debug.lib
LOAD c:/ti/gcc-arm-9.2-2019.12-mingw-w64-i686-aarch64-none-elf/bin/../lib/gcc/aarch64-none-elf/9.2.1\libc.a
END GROUP
LOAD c:/ti/gcc-arm-9.2-2019.12-mingw-w64-i686-aarch64-none-elf/bin/../lib/gcc/aarch64-none-elf/9.2.1\libgcc.a
LOAD c:/ti/gcc-arm-9.2-2019.12-mingw-w64-i686-aarch64-none-elf/bin/../lib/gcc/aarch64-none-elf/9.2.1\libg.a
LOAD c:/ti/gcc-arm-9.2-2019.12-mingw-w64-i686-aarch64-none-elf/bin/../lib/gcc/aarch64-none-elf/9.2.1\libc.a
LOAD c:/ti/gcc-arm-9.2-2019.12-mingw-w64-i686-aarch64-none-elf/bin/../lib/gcc/aarch64-none-elf/9.2.1\libgcc.a
LOAD c:/ti/gcc-arm-9.2-2019.12-mingw-w64-i686-aarch64-none-elf/bin/../lib/gcc/aarch64-none-elf/9.2.1/crtend.o
LOAD c:/ti/gcc-arm-9.2-2019.12-mingw-w64-i686-aarch64-none-elf/bin/../lib/gcc/aarch64-none-elf/9.2.1/crtn.o
OUTPUT(hello_world_am62x-sk-lp_a53ss0-0_nortos_gcc-aarch64.out elf64-littleaarch64)

.debug_info     0x0000000000000000    0x16ca1
 .debug_info    0x0000000000000000     0x1360 ./syscfg/ti_dpl_config.o
 .debug_info    0x0000000000001360      0xab0 ./syscfg/ti_drivers_config.o
 .debug_info    0x0000000000001e10      0x72d ./syscfg/ti_drivers_open_close.o
 .debug_info    0x000000000000253d      0xaed ./syscfg/ti_pinmux_config.o
 .debug_info    0x000000000000302a      0x230 ./syscfg/ti_power_clock_config.o
 .debug_info    0x000000000000325a      0x60a ./syscfg/ti_board_config.o
 .debug_info    0x0000000000003864      0x61c ./syscfg/ti_board_open_close.o
 .debug_info    0x0000000000003e80      0xee0 ./hello_world.o
 .debug_info    0x0000000000004d60     0x1217 ./main.o
 .debug_info    0x0000000000005f77      0x406 C:/ti/mcu_plus_sdk_am62x_10_01_00_33/source/kernel/nortos/lib\nortos.am62x.a53.gcc-aarch64.debug.lib(AddrTranslateP.obj)
 .debug_info    0x000000000000637d      0x1a5 C:/ti/mcu_plus_sdk_am62x_10_01_00_33/source/kernel/nortos/lib\nortos.am62x.a53.gcc-aarch64.debug.lib(CacheP_armv8.obj)
 .debug_info    0x0000000000006522      0x884 C:/ti/mcu_plus_sdk_am62x_10_01_00_33/source/kernel/nortos/lib\nortos.am62x.a53.gcc-aarch64.debug.lib(ClockP_nortos.obj)
 .debug_info    0x0000000000006da6      0x4a2 C:/ti/mcu_plus_sdk_am62x_10_01_00_33/source/kernel/nortos/lib\nortos.am62x.a53.gcc-aarch64.debug.lib(ClockP_nortos_a53.obj)
 .debug_info    0x0000000000007248      0x2dd C:/ti/mcu_plus_sdk_am62x_10_01_00_33/source/kernel/nortos/lib\nortos.am62x.a53.gcc-aarch64.debug.lib(DebugP_log.obj)
 .debug_info    0x0000000000007525      0x1ac C:/ti/mcu_plus_sdk_am62x_10_01_00_33/source/kernel/nortos/lib\nortos.am62x.a53.gcc-aarch64.debug.lib(DebugP_nortos.obj)
 .debug_info    0x00000000000076d1      0x709 C:/ti/mcu_plus_sdk_am62x_10_01_00_33/source/kernel/nortos/lib\nortos.am62x.a53.gcc-aarch64.debug.lib(DebugP_uartLogWriter.obj)
 .debug_info    0x0000000000007dda     0x1e9c C:/ti/mcu_plus_sdk_am62x_10_01_00_33/source/kernel/nortos/lib\nortos.am62x.a53.gcc-aarch64.debug.lib(HwiP_armv8_gic.obj)
 .debug_info    0x0000000000009c76      0xaba C:/ti/mcu_plus_sdk_am62x_10_01_00_33/source/kernel/nortos/lib\nortos.am62x.a53.gcc-aarch64.debug.lib(HwiP_armv8_handlers_nortos.obj)
 .debug_info    0x000000000000a730      0x95b C:/ti/mcu_plus_sdk_am62x_10_01_00_33/source/kernel/nortos/lib\nortos.am62x.a53.gcc-aarch64.debug.lib(MmuP_armv8.obj)
 .debug_info    0x000000000000b08b      0xf72 C:/ti/mcu_plus_sdk_am62x_10_01_00_33/source/kernel/nortos/lib\nortos.am62x.a53.gcc-aarch64.debug.lib(printf.obj)
 .debug_info    0x000000000000bffd      0x159 C:/ti/mcu_plus_sdk_am62x_10_01_00_33/source/kernel/nortos/lib\nortos.am62x.a53.gcc-aarch64.debug.lib(PmuP_armv8.obj)
 .debug_info    0x000000000000c156      0x541 C:/ti/mcu_plus_sdk_am62x_10_01_00_33/source/kernel/nortos/lib\nortos.am62x.a53.gcc-aarch64.debug.lib(SemaphoreP_nortos.obj)
 .debug_info    0x000000000000c697      0x435 C:/ti/mcu_plus_sdk_am62x_10_01_00_33/source/kernel/nortos/lib\nortos.am62x.a53.gcc-aarch64.debug.lib(TimerP.obj)
 .debug_info    0x000000000000cacc       0x22 C:/ti/mcu_plus_sdk_am62x_10_01_00_33/source/kernel/nortos/lib\nortos.am62x.a53.gcc-aarch64.debug.lib(boot_armv8_asm.obj)
 .debug_info    0x000000000000caee       0x2e C:/ti/mcu_plus_sdk_am62x_10_01_00_33/source/kernel/nortos/lib\nortos.am62x.a53.gcc-aarch64.debug.lib(common_armv8_asm.obj)
 .debug_info    0x000000000000cb1c       0x22 C:/ti/mcu_plus_sdk_am62x_10_01_00_33/source/kernel/nortos/lib\nortos.am62x.a53.gcc-aarch64.debug.lib(CacheP_armv8_asm.obj)
 .debug_info    0x000000000000cb3e       0x22 C:/ti/mcu_plus_sdk_am62x_10_01_00_33/source/kernel/nortos/lib\nortos.am62x.a53.gcc-aarch64.debug.lib(HwiP_armv8_asm.obj)
 .debug_info    0x000000000000cb60       0x2e C:/ti/mcu_plus_sdk_am62x_10_01_00_33/source/kernel/nortos/lib\nortos.am62x.a53.gcc-aarch64.debug.lib(HwiP_armv8_vectors_nortos_asm.obj)
 .debug_info    0x000000000000cb8e       0x22 C:/ti/mcu_plus_sdk_am62x_10_01_00_33/source/kernel/nortos/lib\nortos.am62x.a53.gcc-aarch64.debug.lib(MmuP_armv8_asm.obj)
 .debug_info    0x000000000000cbb0       0x2e C:/ti/mcu_plus_sdk_am62x_10_01_00_33/source/kernel/nortos/lib\nortos.am62x.a53.gcc-aarch64.debug.lib(PmuP_armv8_asm.obj)
 .debug_info    0x000000000000cbde       0x2e C:/ti/mcu_plus_sdk_am62x_10_01_00_33/source/kernel/nortos/lib\nortos.am62x.a53.gcc-aarch64.debug.lib(SpinlockP_armv8.obj)
 .debug_info    0x000000000000cc0c      0xb24 C:/ti/mcu_plus_sdk_am62x_10_01_00_33/source/kernel/nortos/lib\nortos.am62x.a53.gcc-aarch64.debug.lib(boot_armv8.obj)
 .debug_info    0x000000000000d730       0x22 C:/ti/mcu_plus_sdk_am62x_10_01_00_33/source/kernel/nortos/lib\nortos.am62x.a53.gcc-aarch64.debug.lib(HwiP_armv8_handlers_nortos_asm.obj)
 .debug_info    0x000000000000d752      0x4b4 C:/ti/mcu_plus_sdk_am62x_10_01_00_33/source/drivers/lib\drivers.am62x.a53.gcc-aarch64.debug.lib(gpio.obj)
 .debug_info    0x000000000000dc06      0x207 C:/ti/mcu_plus_sdk_am62x_10_01_00_33/source/drivers/lib\drivers.am62x.a53.gcc-aarch64.debug.lib(pinmux.obj)
 .debug_info    0x000000000000de0d     0x19a3 C:/ti/mcu_plus_sdk_am62x_10_01_00_33/source/drivers/lib\drivers.am62x.a53.gcc-aarch64.debug.lib(sciclient.obj)
 .debug_info    0x000000000000f7b0      0x120 C:/ti/mcu_plus_sdk_am62x_10_01_00_33/source/drivers/lib\drivers.am62x.a53.gcc-aarch64.debug.lib(sciclient_fmwSecureProxyMap.obj)
 .debug_info    0x000000000000f8d0      0x447 C:/ti/mcu_plus_sdk_am62x_10_01_00_33/source/drivers/lib\drivers.am62x.a53.gcc-aarch64.debug.lib(sciclient_soc_priv.obj)
 .debug_info    0x000000000000fd17      0xd52 C:/ti/mcu_plus_sdk_am62x_10_01_00_33/source/drivers/lib\drivers.am62x.a53.gcc-aarch64.debug.lib(soc.obj)
 .debug_info    0x0000000000010a69     0x2c63 C:/ti/mcu_plus_sdk_am62x_10_01_00_33/source/drivers/lib\drivers.am62x.a53.gcc-aarch64.debug.lib(uart_v0.obj)
 .debug_info    0x00000000000136cc     0x1251 C:/ti/mcu_plus_sdk_am62x_10_01_00_33/source/drivers/lib\drivers.am62x.a53.gcc-aarch64.debug.lib(uart_dma.obj)
 .debug_info    0x000000000001491d      0x9f3 C:/ti/mcu_plus_sdk_am62x_10_01_00_33/source/drivers/lib\drivers.am62x.a53.gcc-aarch64.debug.lib(csl_sec_proxy.obj)
 .debug_info    0x0000000000015310     0x184e C:/ti/mcu_plus_sdk_am62x_10_01_00_33/source/drivers/lib\drivers.am62x.a53.gcc-aarch64.debug.lib(sciclient_pm.obj)
 .debug_info    0x0000000000016b5e       0x2e c:/ti/gcc-arm-9.2-2019.12-mingw-w64-i686-aarch64-none-elf/bin/../lib/gcc/aarch64-none-elf/9.2.1\libc.a(lib_a-memcpy.o)
 .debug_info    0x0000000000016b8c       0x2e c:/ti/gcc-arm-9.2-2019.12-mingw-w64-i686-aarch64-none-elf/bin/../lib/gcc/aarch64-none-elf/9.2.1\libc.a(lib_a-memset.o)
 .debug_info    0x0000000000016bba       0xe7 C:/ti/mcu_plus_sdk_am62x_10_01_00_33/source/kernel/nortos/lib\nortos.am62x.a53.gcc-aarch64.debug.lib(TaskP_nortos.obj)

.debug_abbrev   0x0000000000000000     0x413a
 .debug_abbrev  0x0000000000000000      0x2c3 ./syscfg/ti_dpl_config.o
 .debug_abbrev  0x00000000000002c3      0x295 ./syscfg/ti_drivers_config.o
 .debug_abbrev  0x0000000000000558      0x1c6 ./syscfg/ti_drivers_open_close.o
 .debug_abbrev  0x000000000000071e      0x19d ./syscfg/ti_pinmux_config.o
 .debug_abbrev  0x00000000000008bb       0xfc ./syscfg/ti_power_clock_config.o
 .debug_abbrev  0x00000000000009b7      0x156 ./syscfg/ti_board_config.o
 .debug_abbrev  0x0000000000000b0d      0x180 ./syscfg/ti_board_open_close.o
 .debug_abbrev  0x0000000000000c8d      0x207 ./hello_world.o
 .debug_abbrev  0x0000000000000e94      0x2ec ./main.o
 .debug_abbrev  0x0000000000001180      0x151 C:/ti/mcu_plus_sdk_am62x_10_01_00_33/source/kernel/nortos/lib\nortos.am62x.a53.gcc-aarch64.debug.lib(AddrTranslateP.obj)
 .debug_abbrev  0x00000000000012d1       0xde C:/ti/mcu_plus_sdk_am62x_10_01_00_33/source/kernel/nortos/lib\nortos.am62x.a53.gcc-aarch64.debug.lib(CacheP_armv8.obj)
 .debug_abbrev  0x00000000000013af      0x293 C:/ti/mcu_plus_sdk_am62x_10_01_00_33/source/kernel/nortos/lib\nortos.am62x.a53.gcc-aarch64.debug.lib(ClockP_nortos.obj)
 .debug_abbrev  0x0000000000001642      0x13b C:/ti/mcu_plus_sdk_am62x_10_01_00_33/source/kernel/nortos/lib\nortos.am62x.a53.gcc-aarch64.debug.lib(ClockP_nortos_a53.obj)
 .debug_abbrev  0x000000000000177d       0xf5 C:/ti/mcu_plus_sdk_am62x_10_01_00_33/source/kernel/nortos/lib\nortos.am62x.a53.gcc-aarch64.debug.lib(DebugP_log.obj)
 .debug_abbrev  0x0000000000001872       0xe0 C:/ti/mcu_plus_sdk_am62x_10_01_00_33/source/kernel/nortos/lib\nortos.am62x.a53.gcc-aarch64.debug.lib(DebugP_nortos.obj)